00000000-00000000 : Reserved
00000000-00000000 : System RAM
00000000-00000000 : Reserved
00000000-00000000 : PCI Bus 0000:00
00000000-00000000 : PCI Bus 0000:00
  00000000-00000000 : Video ROM
00000000-00000000 : Reserved
  00000000-00000000 : System ROM
00000000-00000000 : System RAM
  00000000-00000000 : Kernel code
  00000000-00000000 : Kernel rodata
  00000000-00000000 : Kernel data
  00000000-00000000 : Kernel bss
00000000-00000000 : Reserved
00000000-00000000 : System RAM
00000000-00000000 : ACPI Non-volatile Storage
00000000-00000000 : System RAM
00000000-00000000 : Reserved
00000000-00000000 : System RAM
00000000-00000000 : Reserved
00000000-00000000 : System RAM
00000000-00000000 : ACPI Non-volatile Storage
00000000-00000000 : Reserved
00000000-00000000 : System RAM
00000000-00000000 : Reserved
00000000-00000000 : Reserved
  00000000-00000000 : PCI Bus 0000:00
    00000000-00000000 : PCI Bus 0000:06
      00000000-00000000 : 0000:06:00.0
      00000000-00000000 : 0000:06:00.0
    00000000-00000000 : PCI Bus 0000:01
      00000000-00000000 : PCI Bus 0000:02
        00000000-00000000 : PCI Bus 0000:05
          00000000-00000000 : 0000:05:00.0
    00000000-00000000 : PCI Bus 0000:06
      00000000-00000000 : 0000:06:00.0
      00000000-00000000 : 0000:06:00.1
        00000000-00000000 : ICH HD audio
    00000000-00000000 : PCI Bus 0000:07
      00000000-00000000 : 0000:07:00.3
        00000000-00000000 : xhci-hcd
      00000000-00000000 : 0000:07:00.2
        00000000-00000000 : ccp
      00000000-00000000 : 0000:07:00.2
        00000000-00000000 : ccp
    00000000-00000000 : PCI Bus 0000:01
      00000000-00000000 : PCI Bus 0000:02
        00000000-00000000 : PCI Bus 0000:05
          00000000-00000000 : 0000:05:00.0
          00000000-00000000 : r8169
      00000000-00000000 : 0000:01:00.1
      00000000-00000000 : 0000:01:00.1
        00000000-00000000 : ahci
      00000000-00000000 : 0000:01:00.0
        00000000-00000000 : xhci-hcd
    00000000-00000000 : PCI Bus 0000:08
      00000000-00000000 : 0000:08:00.3
        00000000-00000000 : ICH HD audio
      00000000-00000000 : 0000:08:00.2
        00000000-00000000 : ahci
    00000000-00000000 : PCI MMCONFIG 0000 [bus 00-3f]
      00000000-00000000 : Reserved
        00000000-00000000 : pnp 00:00
    00000000-00000000 : pnp 00:01
    00000000-00000000 : IOAPIC 0
    00000000-00000000 : IOAPIC 1
    00000000-00000000 : pnp 00:04
  00000000-00000000 : AMDIF030:00
  00000000-00000000 : HPET 0
    00000000-00000000 : PNP0103:00
  00000000-00000000 : AMDI0030:00
  00000000-00000000 : pnp 00:04
  00000000-00000000 : PCI Bus 0000:00
    00000000-00000000 : Local APIC
      00000000-00000000 : pnp 00:04
    00000000-00000000 : pnp 00:04
00000000-00000000 : System RAM
00000000-00000000 : RAM buffer
