MemTotal:       16329984 kB
MemFree:        14459824 kB
MemAvailable:   14658460 kB
Buffers:            4668 kB
Cached:           753580 kB
SwapCached:            0 kB
Active:           175256 kB
Inactive:        1388228 kB
Active(anon):      39852 kB
Inactive(anon):   918396 kB
Active(file):     135404 kB
Inactive(file):   469832 kB
Unevictable:           4 kB
Mlocked:               4 kB
SwapTotal:             0 kB
SwapFree:              0 kB
Dirty:                 0 kB
Writeback:             0 kB
AnonPages:        783164 kB
Mapped:           176004 kB
Shmem:            153012 kB
KReclaimable:      61588 kB
Slab:             159880 kB
SReclaimable:      61588 kB
SUnreclaim:        98292 kB
KernelStack:        8352 kB
PageTables:        13064 kB
NFS_Unstable:          0 kB
Bounce:                0 kB
WritebackTmp:          0 kB
CommitLimit:     8164992 kB
Committed_AS:    4041220 kB
VmallocTotal:   34359738367 kB
VmallocUsed:       53560 kB
VmallocChunk:          0 kB
Percpu:             6400 kB
AnonHugePages:    395264 kB
ShmemHugePages:        0 kB
ShmemPmdMapped:        0 kB
FileHugePages:         0 kB
FilePmdMapped:         0 kB
DirectMap4k:       94496 kB
DirectMap2M:     4030464 kB
DirectMap1G:    13631488 kB
