[    0.000000] Linux version 5.12.14-porteus (root@porteus.example.net) (gcc (GCC) 10.3.0, GNU ld version 2.36.1-slack15) #1 SMP Sat Jul 3 11:33:18 MSK 2021
[    0.000000] Command line: BOOT_IMAGE=/boot/syslinux/vmlinuz changes=/porteus initrd=/boot/syslinux/initrd.xz APPEND changes=EXIT:
[    0.000000] x86/fpu: Supporting XSAVE feature 0x001: 'x87 floating point registers'
[    0.000000] x86/fpu: Supporting XSAVE feature 0x002: 'SSE registers'
[    0.000000] x86/fpu: Supporting XSAVE feature 0x004: 'AVX registers'
[    0.000000] x86/fpu: xstate_offset[2]:  576, xstate_sizes[2]:  256
[    0.000000] x86/fpu: Enabled xstate features 0x7, context size is 832 bytes, using 'compacted' format.
[    0.000000] BIOS-provided physical RAM map:
[    0.000000] BIOS-e820: [mem 0x0000000000000000-0x000000000009ebff] usable
[    0.000000] BIOS-e820: [mem 0x000000000009ec00-0x000000000009ffff] reserved
[    0.000000] BIOS-e820: [mem 0x00000000000e0000-0x00000000000fffff] reserved
[    0.000000] BIOS-e820: [mem 0x0000000000100000-0x0000000009cfffff] usable
[    0.000000] BIOS-e820: [mem 0x0000000009d00000-0x0000000009ffffff] reserved
[    0.000000] BIOS-e820: [mem 0x000000000a000000-0x000000000a1fffff] usable
[    0.000000] BIOS-e820: [mem 0x000000000a200000-0x000000000a20afff] ACPI NVS
[    0.000000] BIOS-e820: [mem 0x000000000a20b000-0x000000000affffff] usable
[    0.000000] BIOS-e820: [mem 0x000000000b000000-0x000000000b01ffff] reserved
[    0.000000] BIOS-e820: [mem 0x000000000b020000-0x00000000da6b1fff] usable
[    0.000000] BIOS-e820: [mem 0x00000000da6b2000-0x00000000dbb86fff] reserved
[    0.000000] BIOS-e820: [mem 0x00000000dbb87000-0x00000000dbd41fff] usable
[    0.000000] BIOS-e820: [mem 0x00000000dbd42000-0x00000000dc14cfff] ACPI NVS
[    0.000000] BIOS-e820: [mem 0x00000000dc14d000-0x00000000dcc79fff] reserved
[    0.000000] BIOS-e820: [mem 0x00000000dcc7a000-0x00000000deffffff] usable
[    0.000000] BIOS-e820: [mem 0x00000000df000000-0x00000000dfffffff] reserved
[    0.000000] BIOS-e820: [mem 0x00000000f8000000-0x00000000fbffffff] reserved
[    0.000000] BIOS-e820: [mem 0x00000000fd000000-0x00000000ffffffff] reserved
[    0.000000] BIOS-e820: [mem 0x0000000100000000-0x000000041f37ffff] usable
[    0.000000] NX (Execute Disable) protection: active
[    0.000000] SMBIOS 3.2.1 present.
[    0.000000] DMI: To Be Filled By O.E.M. To Be Filled By O.E.M./A320M-DGS, BIOS P6.20 08/12/2020
[    0.000000] tsc: Fast TSC calibration failed
[    0.000000] e820: update [mem 0x00000000-0x00000fff] usable ==> reserved
[    0.000000] e820: remove [mem 0x000a0000-0x000fffff] usable
[    0.000000] last_pfn = 0x41f380 max_arch_pfn = 0x400000000
[    0.000000] x86/PAT: Configuration [0-7]: WB  WC  UC- UC  WB  WP  UC- WT  
[    0.000000] e820: update [mem 0xe0000000-0xffffffff] usable ==> reserved
[    0.000000] last_pfn = 0xdf000 max_arch_pfn = 0x400000000
[    0.000000] Using GB pages for direct mapping
[    0.000000] RAMDISK: [mem 0x7fee6000-0x7fffffff]
[    0.000000] ACPI: Early table checksum verification disabled
[    0.000000] ACPI: RSDP 0x00000000000F05A0 000024 (v02 ALASKA)
[    0.000000] ACPI: XSDT 0x00000000DC0C9098 0000B4 (v01 ALASKA A M I    01072009 AMI  00010013)
[    0.000000] ACPI: FACP 0x00000000DC0CFDF0 000114 (v06 ALASKA A M I    01072009 AMI  00010013)
[    0.000000] ACPI: DSDT 0x00000000DC0C91E8 006C02 (v02 ALASKA A M I    01072009 INTL 20120913)
[    0.000000] ACPI: FACS 0x00000000DC135E00 000040
[    0.000000] ACPI: APIC 0x00000000DC0CFF08 00015E (v03 ALASKA A M I    01072009 AMI  00010013)
[    0.000000] ACPI: FPDT 0x00000000DC0D0068 000044 (v01 ALASKA A M I    01072009 AMI  00010013)
[    0.000000] ACPI: FIDT 0x00000000DC0D00B0 00009C (v01 ALASKA A M I    01072009 AMI  00010013)
[    0.000000] ACPI: SSDT 0x00000000DC0D0150 000060 (v02 ALASKA CPUSSDT  01072009 AMI  01072009)
[    0.000000] ACPI: SSDT 0x00000000DC0D01B0 008C98 (v02 AMD    AMD ALIB 00000002 MSFT 04000000)
[    0.000000] ACPI: SSDT 0x00000000DC0D8E48 00378A (v01 AMD    AMD AOD  00000001 INTL 20120913)
[    0.000000] ACPI: MCFG 0x00000000DC0DC5D8 00003C (v01 ALASKA A M I    01072009 MSFT 00010013)
[    0.000000] ACPI: AAFT 0x00000000DC0DC618 0003B8 (v01 ALASKA OEMAAFT  01072009 MSFT 00000097)
[    0.000000] ACPI: HPET 0x00000000DC0DC9D0 000038 (v01 ALASKA A M I    01072009 AMI  00000005)
[    0.000000] ACPI: SSDT 0x00000000DC0DCA08 000024 (v01 AMDFCH FCHZP    00001000 INTL 20120913)
[    0.000000] ACPI: UEFI 0x00000000DC0DCA30 000042 (v01 ALASKA A M I    00000002      01000013)
[    0.000000] ACPI: SSDT 0x00000000DC0DCA78 000854 (v01 AMD    AMD CPU  00000001 AMD  00000001)
[    0.000000] ACPI: CRAT 0x00000000DC0DD2D0 000850 (v01 AMD    AMD CRAT 00000001 AMD  00000001)
[    0.000000] ACPI: CDIT 0x00000000DC0DDB20 000029 (v01 AMD    AMD CDIT 00000001 AMD  00000001)
[    0.000000] ACPI: SSDT 0x00000000DC0DDB50 001D34 (v01 AMD    AmdTable 00000001 INTL 20120913)
[    0.000000] ACPI: SSDT 0x00000000DC0DF888 0000BF (v01 AMD    AMD PT   00001000 INTL 20120913)
[    0.000000] ACPI: WSMT 0x00000000DC0DF948 000028 (v01 ALASKA A M I    01072009 AMI  00010013)
[    0.000000] ACPI: Reserving FACP table memory at [mem 0xdc0cfdf0-0xdc0cff03]
[    0.000000] ACPI: Reserving DSDT table memory at [mem 0xdc0c91e8-0xdc0cfde9]
[    0.000000] ACPI: Reserving FACS table memory at [mem 0xdc135e00-0xdc135e3f]
[    0.000000] ACPI: Reserving APIC table memory at [mem 0xdc0cff08-0xdc0d0065]
[    0.000000] ACPI: Reserving FPDT table memory at [mem 0xdc0d0068-0xdc0d00ab]
[    0.000000] ACPI: Reserving FIDT table memory at [mem 0xdc0d00b0-0xdc0d014b]
[    0.000000] ACPI: Reserving SSDT table memory at [mem 0xdc0d0150-0xdc0d01af]
[    0.000000] ACPI: Reserving SSDT table memory at [mem 0xdc0d01b0-0xdc0d8e47]
[    0.000000] ACPI: Reserving SSDT table memory at [mem 0xdc0d8e48-0xdc0dc5d1]
[    0.000000] ACPI: Reserving MCFG table memory at [mem 0xdc0dc5d8-0xdc0dc613]
[    0.000000] ACPI: Reserving AAFT table memory at [mem 0xdc0dc618-0xdc0dc9cf]
[    0.000000] ACPI: Reserving HPET table memory at [mem 0xdc0dc9d0-0xdc0dca07]
[    0.000000] ACPI: Reserving SSDT table memory at [mem 0xdc0dca08-0xdc0dca2b]
[    0.000000] ACPI: Reserving UEFI table memory at [mem 0xdc0dca30-0xdc0dca71]
[    0.000000] ACPI: Reserving SSDT table memory at [mem 0xdc0dca78-0xdc0dd2cb]
[    0.000000] ACPI: Reserving CRAT table memory at [mem 0xdc0dd2d0-0xdc0ddb1f]
[    0.000000] ACPI: Reserving CDIT table memory at [mem 0xdc0ddb20-0xdc0ddb48]
[    0.000000] ACPI: Reserving SSDT table memory at [mem 0xdc0ddb50-0xdc0df883]
[    0.000000] ACPI: Reserving SSDT table memory at [mem 0xdc0df888-0xdc0df946]
[    0.000000] ACPI: Reserving WSMT table memory at [mem 0xdc0df948-0xdc0df96f]
[    0.000000] ACPI: Local APIC address 0xfee00000
[    0.000000] system APIC only can use physical flat
[    0.000000] Setting APIC routing to physical flat.
[    0.000000] No NUMA configuration found
[    0.000000] Faking a node at [mem 0x0000000000000000-0x000000041f37ffff]
[    0.000000] NODE_DATA(0) allocated [mem 0x41f37c000-0x41f37ffff]
[    0.000000] Zone ranges:
[    0.000000]   DMA      [mem 0x0000000000001000-0x0000000000ffffff]
[    0.000000]   DMA32    [mem 0x0000000001000000-0x00000000ffffffff]
[    0.000000]   Normal   [mem 0x0000000100000000-0x000000041f37ffff]
[    0.000000] Movable zone start for each node
[    0.000000] Early memory node ranges
[    0.000000]   node   0: [mem 0x0000000000001000-0x000000000009dfff]
[    0.000000]   node   0: [mem 0x0000000000100000-0x0000000009cfffff]
[    0.000000]   node   0: [mem 0x000000000a000000-0x000000000a1fffff]
[    0.000000]   node   0: [mem 0x000000000a20b000-0x000000000affffff]
[    0.000000]   node   0: [mem 0x000000000b020000-0x00000000da6b1fff]
[    0.000000]   node   0: [mem 0x00000000dbb87000-0x00000000dbd41fff]
[    0.000000]   node   0: [mem 0x00000000dcc7a000-0x00000000deffffff]
[    0.000000]   node   0: [mem 0x0000000100000000-0x000000041f37ffff]
[    0.000000] Initmem setup node 0 [mem 0x0000000000001000-0x000000041f37ffff]
[    0.000000] On node 0 totalpages: 4176869
[    0.000000]   DMA zone: 64 pages used for memmap
[    0.000000]   DMA zone: 21 pages reserved
[    0.000000]   DMA zone: 3997 pages, LIFO batch:0
[    0.000000]   DMA zone: 28771 pages in unavailable ranges
[    0.000000]   DMA32 zone: 14052 pages used for memmap
[    0.000000]   DMA32 zone: 899272 pages, LIFO batch:63
[    0.000000]   DMA32 zone: 14136 pages in unavailable ranges
[    0.000000]   Normal zone: 51150 pages used for memmap
[    0.000000]   Normal zone: 3273600 pages, LIFO batch:63
[    0.000000]   Normal zone: 3200 pages in unavailable ranges
[    0.000000] ACPI: PM-Timer IO Port: 0x808
[    0.000000] ACPI: Local APIC address 0xfee00000
[    0.000000] system APIC only can use physical flat
[    0.000000] ACPI: LAPIC_NMI (acpi_id[0xff] high edge lint[0x1])
[    0.000000] IOAPIC[0]: apic_id 5, version 33, address 0xfec00000, GSI 0-23
[    0.000000] IOAPIC[1]: apic_id 6, version 33, address 0xfec01000, GSI 24-55
[    0.000000] ACPI: INT_SRC_OVR (bus 0 bus_irq 0 global_irq 2 dfl dfl)
[    0.000000] ACPI: INT_SRC_OVR (bus 0 bus_irq 9 global_irq 9 low level)
[    0.000000] ACPI: IRQ0 used by override.
[    0.000000] ACPI: IRQ9 used by override.
[    0.000000] Using ACPI (MADT) for SMP configuration information
[    0.000000] ACPI: HPET id: 0x10228201 base: 0xfed00000
[    0.000000] smpboot: Allowing 32 CPUs, 28 hotplug CPUs
[    0.000000] PM: hibernation: Registered nosave memory: [mem 0x00000000-0x00000fff]
[    0.000000] PM: hibernation: Registered nosave memory: [mem 0x0009e000-0x0009efff]
[    0.000000] PM: hibernation: Registered nosave memory: [mem 0x0009f000-0x0009ffff]
[    0.000000] PM: hibernation: Registered nosave memory: [mem 0x000a0000-0x000dffff]
[    0.000000] PM: hibernation: Registered nosave memory: [mem 0x000e0000-0x000fffff]
[    0.000000] PM: hibernation: Registered nosave memory: [mem 0x09d00000-0x09ffffff]
[    0.000000] PM: hibernation: Registered nosave memory: [mem 0x0a200000-0x0a20afff]
[    0.000000] PM: hibernation: Registered nosave memory: [mem 0x0b000000-0x0b01ffff]
[    0.000000] PM: hibernation: Registered nosave memory: [mem 0xda6b2000-0xdbb86fff]
[    0.000000] PM: hibernation: Registered nosave memory: [mem 0xdbd42000-0xdc14cfff]
[    0.000000] PM: hibernation: Registered nosave memory: [mem 0xdc14d000-0xdcc79fff]
[    0.000000] PM: hibernation: Registered nosave memory: [mem 0xdf000000-0xdfffffff]
[    0.000000] PM: hibernation: Registered nosave memory: [mem 0xe0000000-0xf7ffffff]
[    0.000000] PM: hibernation: Registered nosave memory: [mem 0xf8000000-0xfbffffff]
[    0.000000] PM: hibernation: Registered nosave memory: [mem 0xfc000000-0xfcffffff]
[    0.000000] PM: hibernation: Registered nosave memory: [mem 0xfd000000-0xffffffff]
[    0.000000] [mem 0xe0000000-0xf7ffffff] available for PCI devices
[    0.000000] clocksource: refined-jiffies: mask: 0xffffffff max_cycles: 0xffffffff, max_idle_ns: 1910969940391419 ns
[    0.000000] setup_percpu: NR_CPUS:32 nr_cpumask_bits:32 nr_cpu_ids:32 nr_node_ids:1
[    0.000000] percpu: Embedded 44 pages/cpu s139736 r8192 d32296 u262144
[    0.000000] pcpu-alloc: s139736 r8192 d32296 u262144 alloc=1*2097152
[    0.000000] pcpu-alloc: [0] 00 01 02 03 04 05 06 07 [0] 08 09 10 11 12 13 14 15 
[    0.000000] pcpu-alloc: [0] 16 17 18 19 20 21 22 23 [0] 24 25 26 27 28 29 30 31 
[    0.000000] Built 1 zonelists, mobility grouping on.  Total pages: 4111582
[    0.000000] Policy zone: Normal
[    0.000000] Kernel command line: quiet BOOT_IMAGE=/boot/syslinux/vmlinuz changes=/porteus initrd=/boot/syslinux/initrd.xz APPEND changes=EXIT:
[    0.000000] printk: log_buf_len individual max cpu contribution: 4096 bytes
[    0.000000] printk: log_buf_len total cpu_extra contributions: 126976 bytes
[    0.000000] printk: log_buf_len min size: 131072 bytes
[    0.000000] printk: log_buf_len: 262144 bytes
[    0.000000] printk: early log buf free: 120008(91%)
[    0.000000] Dentry cache hash table entries: 2097152 (order: 12, 16777216 bytes, linear)
[    0.000000] Inode-cache hash table entries: 1048576 (order: 11, 8388608 bytes, linear)
[    0.000000] mem auto-init: stack:off, heap alloc:off, heap free:off
[    0.000000] Memory: 16323664K/16707476K available (10242K kernel code, 1142K rwdata, 2236K rodata, 1016K init, 1420K bss, 383556K reserved, 0K cma-reserved)
[    0.000000] SLUB: HWalign=64, Order=0-3, MinObjects=0, CPUs=32, Nodes=1
[    0.000000] rcu: Hierarchical RCU implementation.
[    0.000000] 	Tracing variant of Tasks RCU enabled.
[    0.000000] rcu: RCU calculated value of scheduler-enlistment delay is 100 jiffies.
[    0.000000] NR_IRQS: 4352, nr_irqs: 1224, preallocated irqs: 16
[    0.000000] Console: colour VGA+ 80x25
[    0.000000] printk: console [tty0] enabled
[    0.000000] ACPI: Core revision 20210105
[    0.000000] clocksource: hpet: mask: 0xffffffff max_cycles: 0xffffffff, max_idle_ns: 133484873504 ns
[    0.000000] APIC: Switch to symmetric I/O mode setup
[    0.001000] ..TIMER: vector=0x30 apic1=0 pin1=2 apic2=-1 pin2=-1
[    0.008000] tsc: PIT calibration matches HPET. 2 loops
[    0.008000] tsc: Detected 3093.807 MHz processor
[    0.000004] clocksource: tsc-early: mask: 0xffffffffffffffff max_cycles: 0x2c986d1e694, max_idle_ns: 440795249849 ns
[    0.000008] Calibrating delay loop (skipped), value calculated using timer frequency.. 6187.61 BogoMIPS (lpj=3093807)
[    0.000011] pid_max: default: 32768 minimum: 301
[    0.000035] LSM: Security Framework initializing
[    0.000075] Mount-cache hash table entries: 32768 (order: 6, 262144 bytes, linear)
[    0.000106] Mountpoint-cache hash table entries: 32768 (order: 6, 262144 bytes, linear)
[    0.000308] LVT offset 1 assigned for vector 0xf9
[    0.000369] LVT offset 2 assigned for vector 0xf4
[    0.000385] Last level iTLB entries: 4KB 1024, 2MB 1024, 4MB 512
[    0.000386] Last level dTLB entries: 4KB 1536, 2MB 1536, 4MB 768, 1GB 0
[    0.000389] Spectre V1 : Mitigation: usercopy/swapgs barriers and __user pointer sanitization
[    0.000391] Spectre V2 : Mitigation: Full AMD retpoline
[    0.000392] Spectre V2 : Spectre v2 / SpectreRSB mitigation: Filling RSB on context switch
[    0.000393] Spectre V2 : mitigation: Enabling conditional Indirect Branch Prediction Barrier
[    0.000395] Speculative Store Bypass: Mitigation: Speculative Store Bypass disabled via prctl and seccomp
[    0.000511] Freeing SMP alternatives memory: 16K
[    0.103445] smpboot: CPU0: AMD Ryzen 3 1200 Quad-Core Processor (family: 0x17, model: 0x1, stepping: 0x1)
[    0.103528] Performance Events: Fam17h+ core perfctr, AMD PMU driver.
[    0.103533] ... version:                0
[    0.103534] ... bit width:              48
[    0.103535] ... generic registers:      6
[    0.103535] ... value mask:             0000ffffffffffff
[    0.103536] ... max period:             00007fffffffffff
[    0.103537] ... fixed-purpose events:   0
[    0.103538] ... event mask:             000000000000003f
[    0.103595] rcu: Hierarchical SRCU implementation.
[    0.103805] smp: Bringing up secondary CPUs ...
[    0.103867] x86: Booting SMP configuration:
[    0.103868] .... node  #0, CPUs:        #1  #2  #3
[    0.107036] smp: Brought up 1 node, 4 CPUs
[    0.107036] smpboot: Max logical packages: 8
[    0.107037] smpboot: Total of 4 processors activated (24750.45 BogoMIPS)
[    0.108046] devtmpfs: initialized
[    0.108048] x86/mm: Memory block size: 128MB
[    0.109053] random: get_random_u32 called from 0xffffffff813c03fd with crng_init=0
[    0.109068] PM: Registering ACPI NVS region [mem 0x0a200000-0x0a20afff] (45056 bytes)
[    0.109068] PM: Registering ACPI NVS region [mem 0xdbd42000-0xdc14cfff] (4239360 bytes)
[    0.109133] clocksource: jiffies: mask: 0xffffffff max_cycles: 0xffffffff, max_idle_ns: 1911260446275000 ns
[    0.109139] futex hash table entries: 8192 (order: 7, 524288 bytes, linear)
[    0.109204] pinctrl core: initialized pinctrl subsystem
[    0.109402] NET: Registered protocol family 16
[    0.109554] thermal_sys: Registered thermal governor 'bang_bang'
[    0.109556] thermal_sys: Registered thermal governor 'step_wise'
[    0.109557] thermal_sys: Registered thermal governor 'user_space'
[    0.109570] cpuidle: using governor ladder
[    0.109570] cpuidle: using governor menu
[    0.109570] ACPI: bus type PCI registered
[    0.109570] acpiphp: ACPI Hot Plug PCI Controller Driver version: 0.5
[    0.109570] PCI: MMCONFIG for domain 0000 [bus 00-3f] at [mem 0xf8000000-0xfbffffff] (base 0xf8000000)
[    0.109570] PCI: MMCONFIG at [mem 0xf8000000-0xfbffffff] reserved in E820
[    0.109570] PCI: Using configuration type 1 for base access
[    0.112045] raid6: skip pq benchmark and using algorithm avx2x4
[    0.112045] raid6: using avx2x2 recovery algorithm
[    0.112082] ACPI: Added _OSI(Module Device)
[    0.112083] ACPI: Added _OSI(Processor Device)
[    0.112084] ACPI: Added _OSI(3.0 _SCP Extensions)
[    0.112084] ACPI: Added _OSI(Processor Aggregator Device)
[    0.112086] ACPI: Added _OSI(Linux-Dell-Video)
[    0.112087] ACPI: Added _OSI(Linux-Lenovo-NV-HDMI-Audio)
[    0.112087] ACPI: Added _OSI(Linux-HPI-Hybrid-Graphics)
[    0.120339] ACPI: 8 ACPI AML tables successfully acquired and loaded
[    0.121204] ACPI: [Firmware Bug]: BIOS _OSI(Linux) query ignored
[    0.123580] ACPI: Interpreter enabled
[    0.123595] ACPI: (supports S0 S3 S4 S5)
[    0.123596] ACPI: Using IOAPIC for interrupt routing
[    0.123834] PCI: Using host bridge windows from ACPI; if necessary, use "pci=nocrs" and report a bug
[    0.124099] ACPI: Enabled 2 GPEs in block 00 to 1F
[    0.130054] ACPI: PCI Root Bridge [PCI0] (domain 0000 [bus 00-ff])
[    0.130060] acpi PNP0A08:00: _OSC: OS supports [ExtendedConfig ASPM ClockPM Segments MSI HPX-Type3]
[    0.130182] acpi PNP0A08:00: _OSC: platform does not support [LTR]
[    0.130298] acpi PNP0A08:00: _OSC: OS now controls [PCIeHotplug PME PCIeCapability]
[    0.130306] acpi PNP0A08:00: [Firmware Info]: MMCONFIG for domain 0000 [bus 00-3f] only partially covers this bridge
[    0.130563] PCI host bridge to bus 0000:00
[    0.130565] pci_bus 0000:00: root bus resource [io  0x0000-0x03af window]
[    0.130567] pci_bus 0000:00: root bus resource [io  0x03e0-0x0cf7 window]
[    0.130569] pci_bus 0000:00: root bus resource [io  0x03b0-0x03df window]
[    0.130570] pci_bus 0000:00: root bus resource [io  0x0d00-0xffff window]
[    0.130572] pci_bus 0000:00: root bus resource [mem 0x000a0000-0x000bffff window]
[    0.130574] pci_bus 0000:00: root bus resource [mem 0x000c0000-0x000dffff window]
[    0.130575] pci_bus 0000:00: root bus resource [mem 0xe0000000-0xfec2ffff window]
[    0.130577] pci_bus 0000:00: root bus resource [mem 0xfee00000-0xffffffff window]
[    0.130578] pci_bus 0000:00: root bus resource [bus 00-ff]
[    0.130589] pci 0000:00:00.0: [1022:1450] type 00 class 0x060000
[    0.130686] pci 0000:00:01.0: [1022:1452] type 00 class 0x060000
[    0.130756] pci 0000:00:01.3: [1022:1453] type 01 class 0x060400
[    0.130788] pci 0000:00:01.3: enabling Extended Tags
[    0.130854] pci 0000:00:01.3: PME# supported from D0 D3hot D3cold
[    0.130973] pci 0000:00:02.0: [1022:1452] type 00 class 0x060000
[    0.131053] pci 0000:00:03.0: [1022:1452] type 00 class 0x060000
[    0.131118] pci 0000:00:03.1: [1022:1453] type 01 class 0x060400
[    0.131215] pci 0000:00:03.1: PME# supported from D0 D3hot D3cold
[    0.131335] pci 0000:00:04.0: [1022:1452] type 00 class 0x060000
[    0.131417] pci 0000:00:07.0: [1022:1452] type 00 class 0x060000
[    0.131479] pci 0000:00:07.1: [1022:1454] type 01 class 0x060400
[    0.131512] pci 0000:00:07.1: enabling Extended Tags
[    0.131581] pci 0000:00:07.1: PME# supported from D0 D3hot D3cold
[    0.131700] pci 0000:00:08.0: [1022:1452] type 00 class 0x060000
[    0.131764] pci 0000:00:08.1: [1022:1454] type 01 class 0x060400
[    0.131799] pci 0000:00:08.1: enabling Extended Tags
[    0.131870] pci 0000:00:08.1: PME# supported from D0 D3hot D3cold
[    0.132025] pci 0000:00:14.0: [1022:790b] type 00 class 0x0c0500
[    0.132247] pci 0000:00:14.3: [1022:790e] type 00 class 0x060100
[    0.132471] pci 0000:00:18.0: [1022:1460] type 00 class 0x060000
[    0.132522] pci 0000:00:18.1: [1022:1461] type 00 class 0x060000
[    0.132572] pci 0000:00:18.2: [1022:1462] type 00 class 0x060000
[    0.132623] pci 0000:00:18.3: [1022:1463] type 00 class 0x060000
[    0.132673] pci 0000:00:18.4: [1022:1464] type 00 class 0x060000
[    0.132722] pci 0000:00:18.5: [1022:1465] type 00 class 0x060000
[    0.132772] pci 0000:00:18.6: [1022:1466] type 00 class 0x060000
[    0.132822] pci 0000:00:18.7: [1022:1467] type 00 class 0x060000
[    0.132968] pci 0000:01:00.0: [1022:43bc] type 00 class 0x0c0330
[    0.132984] pci 0000:01:00.0: reg 0x10: [mem 0xf76a0000-0xf76a7fff 64bit]
[    0.133022] pci 0000:01:00.0: enabling Extended Tags
[    0.133070] pci 0000:01:00.0: PME# supported from D3hot D3cold
[    0.133156] pci 0000:01:00.1: [1022:43b8] type 00 class 0x010601
[    0.133198] pci 0000:01:00.1: reg 0x24: [mem 0xf7680000-0xf769ffff]
[    0.133205] pci 0000:01:00.1: reg 0x30: [mem 0xf7600000-0xf767ffff pref]
[    0.133212] pci 0000:01:00.1: enabling Extended Tags
[    0.133248] pci 0000:01:00.1: PME# supported from D3hot D3cold
[    0.133314] pci 0000:01:00.2: [1022:43b3] type 01 class 0x060400
[    0.133353] pci 0000:01:00.2: enabling Extended Tags
[    0.133393] pci 0000:01:00.2: PME# supported from D3hot D3cold
[    0.133472] pci 0000:00:01.3: PCI bridge to [bus 01-05]
[    0.133476] pci 0000:00:01.3:   bridge window [io  0xf000-0xffff]
[    0.133478] pci 0000:00:01.3:   bridge window [mem 0xf7500000-0xf76fffff]
[    0.133481] pci 0000:00:01.3:   bridge window [mem 0xf2100000-0xf21fffff 64bit pref]
[    0.133565] pci 0000:02:04.0: [1022:43b4] type 01 class 0x060400
[    0.133607] pci 0000:02:04.0: enabling Extended Tags
[    0.133659] pci 0000:02:04.0: PME# supported from D3hot D3cold
[    0.133743] pci 0000:02:06.0: [1022:43b4] type 01 class 0x060400
[    0.133785] pci 0000:02:06.0: enabling Extended Tags
[    0.133837] pci 0000:02:06.0: PME# supported from D3hot D3cold
[    0.133921] pci 0000:02:07.0: [1022:43b4] type 01 class 0x060400
[    0.133963] pci 0000:02:07.0: enabling Extended Tags
[    0.134017] pci 0000:02:07.0: PME# supported from D3hot D3cold
[    0.134107] pci 0000:01:00.2: PCI bridge to [bus 02-05]
[    0.134112] pci 0000:01:00.2:   bridge window [io  0xf000-0xffff]
[    0.134115] pci 0000:01:00.2:   bridge window [mem 0xf7500000-0xf75fffff]
[    0.134120] pci 0000:01:00.2:   bridge window [mem 0xf2100000-0xf21fffff 64bit pref]
[    0.134156] pci 0000:02:04.0: PCI bridge to [bus 03]
[    0.134197] pci 0000:02:06.0: PCI bridge to [bus 04]
[    0.134268] pci 0000:05:00.0: [10ec:8168] type 00 class 0x020000
[    0.134294] pci 0000:05:00.0: reg 0x10: [io  0xf000-0xf0ff]
[    0.134330] pci 0000:05:00.0: reg 0x18: [mem 0xf7500000-0xf7500fff 64bit]
[    0.134352] pci 0000:05:00.0: reg 0x20: [mem 0xf2100000-0xf2103fff 64bit pref]
[    0.134492] pci 0000:05:00.0: supports D1 D2
[    0.134493] pci 0000:05:00.0: PME# supported from D0 D1 D2 D3hot D3cold
[    0.134620] pci 0000:02:07.0: PCI bridge to [bus 05]
[    0.134625] pci 0000:02:07.0:   bridge window [io  0xf000-0xffff]
[    0.134628] pci 0000:02:07.0:   bridge window [mem 0xf7500000-0xf75fffff]
[    0.134633] pci 0000:02:07.0:   bridge window [mem 0xf2100000-0xf21fffff 64bit pref]
[    0.134730] pci 0000:06:00.0: [10de:13c2] type 00 class 0x030000
[    0.134743] pci 0000:06:00.0: reg 0x10: [mem 0xf6000000-0xf6ffffff]
[    0.134755] pci 0000:06:00.0: reg 0x14: [mem 0xe0000000-0xefffffff 64bit pref]
[    0.134766] pci 0000:06:00.0: reg 0x1c: [mem 0xf0000000-0xf1ffffff 64bit pref]
[    0.134774] pci 0000:06:00.0: reg 0x24: [io  0xe000-0xe07f]
[    0.134781] pci 0000:06:00.0: reg 0x30: [mem 0xf7000000-0xf707ffff pref]
[    0.134876] pci 0000:06:00.0: 32.000 Gb/s available PCIe bandwidth, limited by 2.5 GT/s PCIe x16 link at 0000:00:03.1 (capable of 126.016 Gb/s with 8.0 GT/s PCIe x16 link)
[    0.134917] pci 0000:06:00.1: [10de:0fbb] type 00 class 0x040300
[    0.134931] pci 0000:06:00.1: reg 0x10: [mem 0xf7080000-0xf7083fff]
[    0.135057] pci 0000:00:03.1: ASPM: current common clock configuration is inconsistent, reconfiguring
[    0.138034] pci 0000:00:03.1: PCI bridge to [bus 06]
[    0.138041] pci 0000:00:03.1:   bridge window [io  0xe000-0xefff]
[    0.138044] pci 0000:00:03.1:   bridge window [mem 0xf6000000-0xf70fffff]
[    0.138048] pci 0000:00:03.1:   bridge window [mem 0xe0000000-0xf1ffffff 64bit pref]
[    0.138133] pci 0000:07:00.0: [1022:145a] type 00 class 0x130000
[    0.138165] pci 0000:07:00.0: enabling Extended Tags
[    0.138240] pci 0000:07:00.2: [1022:1456] type 00 class 0x108000
[    0.138255] pci 0000:07:00.2: reg 0x18: [mem 0xf7300000-0xf73fffff]
[    0.138267] pci 0000:07:00.2: reg 0x24: [mem 0xf7400000-0xf7401fff]
[    0.138275] pci 0000:07:00.2: enabling Extended Tags
[    0.138360] pci 0000:07:00.3: [1022:145c] type 00 class 0x0c0330
[    0.138371] pci 0000:07:00.3: reg 0x10: [mem 0xf7200000-0xf72fffff 64bit]
[    0.138392] pci 0000:07:00.3: enabling Extended Tags
[    0.138418] pci 0000:07:00.3: PME# supported from D0 D3hot D3cold
[    0.138479] pci 0000:00:07.1: PCI bridge to [bus 07]
[    0.138484] pci 0000:00:07.1:   bridge window [mem 0xf7200000-0xf74fffff]
[    0.138559] pci 0000:08:00.0: [1022:1455] type 00 class 0x130000
[    0.138589] pci 0000:08:00.0: enabling Extended Tags
[    0.138657] pci 0000:08:00.2: [1022:7901] type 00 class 0x010601
[    0.138682] pci 0000:08:00.2: reg 0x24: [mem 0xf7708000-0xf7708fff]
[    0.138690] pci 0000:08:00.2: enabling Extended Tags
[    0.138716] pci 0000:08:00.2: PME# supported from D3hot D3cold
[    0.138769] pci 0000:08:00.3: [1022:1457] type 00 class 0x040300
[    0.138778] pci 0000:08:00.3: reg 0x10: [mem 0xf7700000-0xf7707fff]
[    0.138802] pci 0000:08:00.3: enabling Extended Tags
[    0.138827] pci 0000:08:00.3: PME# supported from D0 D3hot D3cold
[    0.138885] pci 0000:00:08.1: PCI bridge to [bus 08]
[    0.138889] pci 0000:00:08.1:   bridge window [mem 0xf7700000-0xf77fffff]
[    0.139326] ACPI: PCI Interrupt Link [LNKA] (IRQs 4 5 7 10 11 14 15) *0
[    0.139377] ACPI: PCI Interrupt Link [LNKB] (IRQs 4 5 7 10 11 14 15) *0
[    0.139421] ACPI: PCI Interrupt Link [LNKC] (IRQs 4 5 7 10 11 14 15) *0
[    0.139474] ACPI: PCI Interrupt Link [LNKD] (IRQs 4 5 7 10 11 14 15) *0
[    0.139522] ACPI: PCI Interrupt Link [LNKE] (IRQs 4 5 7 10 11 14 15) *0
[    0.139562] ACPI: PCI Interrupt Link [LNKF] (IRQs 4 5 7 10 11 14 15) *0
[    0.139602] ACPI: PCI Interrupt Link [LNKG] (IRQs 4 5 7 10 11 14 15) *0
[    0.139642] ACPI: PCI Interrupt Link [LNKH] (IRQs 4 5 7 10 11 14 15) *0
[    0.140069] iommu: Default domain type: Translated 
[    0.140082] pci 0000:06:00.0: vgaarb: setting as boot VGA device
[    0.140082] pci 0000:06:00.0: vgaarb: VGA device added: decodes=io+mem,owns=io+mem,locks=none
[    0.140082] pci 0000:06:00.0: vgaarb: bridge control possible
[    0.140082] vgaarb: loaded
[    0.140082] SCSI subsystem initialized
[    0.140087] libata version 3.00 loaded.
[    0.140087] ACPI: bus type USB registered
[    0.140087] usbcore: registered new interface driver usbfs
[    0.140087] usbcore: registered new interface driver hub
[    0.140087] usbcore: registered new device driver usb
[    0.140087] mc: Linux media interface: v0.10
[    0.140087] videodev: Linux video capture interface: v2.00
[    0.140087] pps_core: LinuxPPS API ver. 1 registered
[    0.140087] pps_core: Software ver. 5.3.6 - Copyright 2005-2007 Rodolfo Giometti <giometti@linux.it>
[    0.140087] PTP clock support registered
[    0.140118] Advanced Linux Sound Architecture Driver Initialized.
[    0.140219] PCI: Using ACPI for IRQ routing
[    0.144839] PCI: pci_cache_line_size set to 64 bytes
[    0.144892] Expanded resource Reserved due to conflict with PCI Bus 0000:00
[    0.144894] e820: reserve RAM buffer [mem 0x0009ec00-0x0009ffff]
[    0.144896] e820: reserve RAM buffer [mem 0x09d00000-0x0bffffff]
[    0.144897] e820: reserve RAM buffer [mem 0x0a200000-0x0bffffff]
[    0.144899] e820: reserve RAM buffer [mem 0x0b000000-0x0bffffff]
[    0.144900] e820: reserve RAM buffer [mem 0xda6b2000-0xdbffffff]
[    0.144901] e820: reserve RAM buffer [mem 0xdbd42000-0xdbffffff]
[    0.144902] e820: reserve RAM buffer [mem 0xdf000000-0xdfffffff]
[    0.144903] e820: reserve RAM buffer [mem 0x41f380000-0x41fffffff]
[    0.144939] hpet0: at MMIO 0xfed00000, IRQs 2, 8, 0
[    0.144943] hpet0: 3 comparators, 32-bit 14.318180 MHz counter
[    0.147017] clocksource: Switched to clocksource tsc-early
[    0.147070] pnp: PnP ACPI init
[    0.147136] system 00:00: [mem 0xf8000000-0xfbffffff] has been reserved
[    0.147141] system 00:00: Plug and Play ACPI device, IDs PNP0c01 (active)
[    0.147168] system 00:01: [mem 0xfeb80000-0xfebfffff] has been reserved
[    0.147171] system 00:01: Plug and Play ACPI device, IDs PNP0c02 (active)
[    0.147225] pnp 00:02: Plug and Play ACPI device, IDs PNP0b00 (active)
[    0.147371] system 00:03: [io  0x0280-0x028f] has been reserved
[    0.147373] system 00:03: [io  0x0290-0x029f] has been reserved
[    0.147375] system 00:03: [io  0x02a0-0x02af] has been reserved
[    0.147377] system 00:03: [io  0x02b0-0x02bf] has been reserved
[    0.147380] system 00:03: Plug and Play ACPI device, IDs PNP0c02 (active)
[    0.147762] system 00:04: [io  0x04d0-0x04d1] has been reserved
[    0.147765] system 00:04: [io  0x040b] has been reserved
[    0.147766] system 00:04: [io  0x04d6] has been reserved
[    0.147768] system 00:04: [io  0x0c00-0x0c01] has been reserved
[    0.147769] system 00:04: [io  0x0c14] has been reserved
[    0.147771] system 00:04: [io  0x0c50-0x0c51] has been reserved
[    0.147772] system 00:04: [io  0x0c52] has been reserved
[    0.147773] system 00:04: [io  0x0c6c] has been reserved
[    0.147775] system 00:04: [io  0x0c6f] has been reserved
[    0.147776] system 00:04: [io  0x0cd0-0x0cd1] has been reserved
[    0.147777] system 00:04: [io  0x0cd2-0x0cd3] has been reserved
[    0.147779] system 00:04: [io  0x0cd4-0x0cd5] has been reserved
[    0.147780] system 00:04: [io  0x0cd6-0x0cd7] has been reserved
[    0.147782] system 00:04: [io  0x0cd8-0x0cdf] has been reserved
[    0.147783] system 00:04: [io  0x0800-0x089f] has been reserved
[    0.147784] system 00:04: [io  0x0b00-0x0b0f] has been reserved
[    0.147786] system 00:04: [io  0x0b20-0x0b3f] has been reserved
[    0.147788] system 00:04: [io  0x0900-0x090f] has been reserved
[    0.147789] system 00:04: [io  0x0910-0x091f] has been reserved
[    0.147791] system 00:04: [mem 0xfec00000-0xfec00fff] could not be reserved
[    0.147793] system 00:04: [mem 0xfec01000-0xfec01fff] could not be reserved
[    0.147794] system 00:04: [mem 0xfedc0000-0xfedc0fff] has been reserved
[    0.147796] system 00:04: [mem 0xfee00000-0xfee00fff] has been reserved
[    0.147798] system 00:04: [mem 0xfed80000-0xfed8ffff] could not be reserved
[    0.147799] system 00:04: [mem 0xfec10000-0xfec10fff] has been reserved
[    0.147801] system 00:04: [mem 0xff000000-0xffffffff] has been reserved
[    0.147805] system 00:04: Plug and Play ACPI device, IDs PNP0c02 (active)
[    0.148115] pnp: PnP ACPI: found 5 devices
[    0.153854] clocksource: acpi_pm: mask: 0xffffff max_cycles: 0xffffff, max_idle_ns: 2085701024 ns
[    0.153912] NET: Registered protocol family 2
[    0.154155] IP idents hash table entries: 262144 (order: 9, 2097152 bytes, linear)
[    0.156576] tcp_listen_portaddr_hash hash table entries: 8192 (order: 5, 131072 bytes, linear)
[    0.156597] TCP established hash table entries: 131072 (order: 8, 1048576 bytes, linear)
[    0.156745] TCP bind hash table entries: 65536 (order: 8, 1048576 bytes, linear)
[    0.156878] TCP: Hash tables configured (established 131072 bind 65536)
[    0.156924] UDP hash table entries: 8192 (order: 6, 262144 bytes, linear)
[    0.156962] UDP-Lite hash table entries: 8192 (order: 6, 262144 bytes, linear)
[    0.157088] NET: Registered protocol family 1
[    0.157118] pci 0000:02:04.0: PCI bridge to [bus 03]
[    0.157130] pci 0000:02:06.0: PCI bridge to [bus 04]
[    0.157140] pci 0000:02:07.0: PCI bridge to [bus 05]
[    0.157143] pci 0000:02:07.0:   bridge window [io  0xf000-0xffff]
[    0.157147] pci 0000:02:07.0:   bridge window [mem 0xf7500000-0xf75fffff]
[    0.157150] pci 0000:02:07.0:   bridge window [mem 0xf2100000-0xf21fffff 64bit pref]
[    0.157156] pci 0000:01:00.2: PCI bridge to [bus 02-05]
[    0.157158] pci 0000:01:00.2:   bridge window [io  0xf000-0xffff]
[    0.157161] pci 0000:01:00.2:   bridge window [mem 0xf7500000-0xf75fffff]
[    0.157164] pci 0000:01:00.2:   bridge window [mem 0xf2100000-0xf21fffff 64bit pref]
[    0.157169] pci 0000:00:01.3: PCI bridge to [bus 01-05]
[    0.157171] pci 0000:00:01.3:   bridge window [io  0xf000-0xffff]
[    0.157173] pci 0000:00:01.3:   bridge window [mem 0xf7500000-0xf76fffff]
[    0.157176] pci 0000:00:01.3:   bridge window [mem 0xf2100000-0xf21fffff 64bit pref]
[    0.157180] pci 0000:00:03.1: PCI bridge to [bus 06]
[    0.157181] pci 0000:00:03.1:   bridge window [io  0xe000-0xefff]
[    0.157184] pci 0000:00:03.1:   bridge window [mem 0xf6000000-0xf70fffff]
[    0.157186] pci 0000:00:03.1:   bridge window [mem 0xe0000000-0xf1ffffff 64bit pref]
[    0.157191] pci 0000:00:07.1: PCI bridge to [bus 07]
[    0.157193] pci 0000:00:07.1:   bridge window [mem 0xf7200000-0xf74fffff]
[    0.157198] pci 0000:00:08.1: PCI bridge to [bus 08]
[    0.157201] pci 0000:00:08.1:   bridge window [mem 0xf7700000-0xf77fffff]
[    0.157207] pci_bus 0000:00: resource 4 [io  0x0000-0x03af window]
[    0.157209] pci_bus 0000:00: resource 5 [io  0x03e0-0x0cf7 window]
[    0.157210] pci_bus 0000:00: resource 6 [io  0x03b0-0x03df window]
[    0.157211] pci_bus 0000:00: resource 7 [io  0x0d00-0xffff window]
[    0.157213] pci_bus 0000:00: resource 8 [mem 0x000a0000-0x000bffff window]
[    0.157215] pci_bus 0000:00: resource 9 [mem 0x000c0000-0x000dffff window]
[    0.157216] pci_bus 0000:00: resource 10 [mem 0xe0000000-0xfec2ffff window]
[    0.157218] pci_bus 0000:00: resource 11 [mem 0xfee00000-0xffffffff window]
[    0.157219] pci_bus 0000:01: resource 0 [io  0xf000-0xffff]
[    0.157221] pci_bus 0000:01: resource 1 [mem 0xf7500000-0xf76fffff]
[    0.157222] pci_bus 0000:01: resource 2 [mem 0xf2100000-0xf21fffff 64bit pref]
[    0.157223] pci_bus 0000:02: resource 0 [io  0xf000-0xffff]
[    0.157225] pci_bus 0000:02: resource 1 [mem 0xf7500000-0xf75fffff]
[    0.157226] pci_bus 0000:02: resource 2 [mem 0xf2100000-0xf21fffff 64bit pref]
[    0.157228] pci_bus 0000:05: resource 0 [io  0xf000-0xffff]
[    0.157229] pci_bus 0000:05: resource 1 [mem 0xf7500000-0xf75fffff]
[    0.157230] pci_bus 0000:05: resource 2 [mem 0xf2100000-0xf21fffff 64bit pref]
[    0.157232] pci_bus 0000:06: resource 0 [io  0xe000-0xefff]
[    0.157233] pci_bus 0000:06: resource 1 [mem 0xf6000000-0xf70fffff]
[    0.157234] pci_bus 0000:06: resource 2 [mem 0xe0000000-0xf1ffffff 64bit pref]
[    0.157236] pci_bus 0000:07: resource 1 [mem 0xf7200000-0xf74fffff]
[    0.157237] pci_bus 0000:08: resource 1 [mem 0xf7700000-0xf77fffff]
[    0.157438] pci 0000:06:00.0: Video device with shadowed ROM at [mem 0x000c0000-0x000dffff]
[    0.157469] pci 0000:06:00.1: D0 power state depends on 0000:06:00.0
[    0.157612] PCI: CLS 64 bytes, default 64
[    0.157656] Unpacking initramfs...
[    0.270056] Freeing initrd memory: 1128K
[    0.270070] PCI-DMA: Using software bounce buffering for IO (SWIOTLB)
[    0.270071] software IO TLB: mapped [mem 0x00000000d66b2000-0x00000000da6b2000] (64MB)
[    0.270138] amd_uncore: 4  amd_df counters detected
[    0.270146] amd_uncore: 6  amd_l3 counters detected
[    0.270625] Initialise system trusted keyrings
[    0.270658] workingset: timestamp_bits=56 max_order=22 bucket_order=0
[    0.271733] squashfs: version 4.0 (2009/01/31) Phillip Lougher
[    0.271778] ntfs: driver 2.1.32 [Flags: R/W].
[    0.271817] fuse: init (API version 7.33)
[    0.271882] SGI XFS with ACLs, security attributes, realtime, no debug enabled
[    0.272344] aufs 5.12-20210517
[    0.282487] xor: automatically using best checksumming function   avx       
[    0.282489] Key type asymmetric registered
[    0.282490] Asymmetric key parser 'x509' registered
[    0.282498] Block layer SCSI generic (bsg) driver version 0.4 loaded (major 248)
[    0.283518] pcieport 0000:00:01.3: PME: Signaling with IRQ 25
[    0.283695] pcieport 0000:00:03.1: PME: Signaling with IRQ 26
[    0.283904] pcieport 0000:00:07.1: PME: Signaling with IRQ 27
[    0.284167] pcieport 0000:00:08.1: PME: Signaling with IRQ 29
[    0.284703] input: Power Button as /devices/LNXSYSTM:00/LNXSYBUS:00/PNP0C0C:00/input/input0
[    0.284720] ACPI: button: Power Button [PWRB]
[    0.284749] input: Power Button as /devices/LNXSYSTM:00/LNXPWRBN:00/input/input1
[    0.284778] ACPI: button: Power Button [PWRF]
[    0.284838] [Firmware Bug]: ACPI MWAIT C-state 0x0 not supported by HW (0x0)
[    0.284847] ACPI: \_PR_.C000: Found 2 idle states
[    0.284953] [Firmware Bug]: ACPI MWAIT C-state 0x0 not supported by HW (0x0)
[    0.284963] ACPI: \_PR_.C002: Found 2 idle states
[    0.285034] [Firmware Bug]: ACPI MWAIT C-state 0x0 not supported by HW (0x0)
[    0.285038] ACPI: \_PR_.C001: Found 2 idle states
[    0.285094] [Firmware Bug]: ACPI MWAIT C-state 0x0 not supported by HW (0x0)
[    0.285103] ACPI: \_PR_.C003: Found 2 idle states
[    0.285306] Linux agpgart interface v0.103
[    0.286343] loop: module loaded
[    0.286377] usbcore: registered new interface driver rtsx_usb
[    0.286560] ahci 0000:01:00.1: version 3.0
[    0.286652] ahci 0000:01:00.1: SSS flag set, parallel bus scan disabled
[    0.286685] ahci 0000:01:00.1: AHCI 0001.0301 32 slots 8 ports 6 Gbps 0x33 impl SATA mode
[    0.286688] ahci 0000:01:00.1: flags: 64bit ncq sntf stag pm led clo only pmp pio slum part sxs deso sadm sds apst 
[    0.287096] scsi host0: ahci
[    0.287189] scsi host1: ahci
[    0.287262] scsi host2: ahci
[    0.287336] scsi host3: ahci
[    0.287410] scsi host4: ahci
[    0.287487] scsi host5: ahci
[    0.287560] scsi host6: ahci
[    0.287633] scsi host7: ahci
[    0.287661] ata1: SATA max UDMA/133 abar m131072@0xf7680000 port 0xf7680100 irq 36
[    0.287664] ata2: SATA max UDMA/133 abar m131072@0xf7680000 port 0xf7680180 irq 36
[    0.287666] ata3: DUMMY
[    0.287667] ata4: DUMMY
[    0.287668] ata5: SATA max UDMA/133 abar m131072@0xf7680000 port 0xf7680300 irq 36
[    0.287670] ata6: SATA max UDMA/133 abar m131072@0xf7680000 port 0xf7680380 irq 36
[    0.287672] ata7: DUMMY
[    0.287672] ata8: DUMMY
[    0.287784] ahci 0000:08:00.2: AHCI 0001.0301 32 slots 1 ports 6 Gbps 0x1 impl SATA mode
[    0.287788] ahci 0000:08:00.2: flags: 64bit ncq sntf ilck pm led clo only pmp fbs pio slum part 
[    0.287899] scsi host8: ahci
[    0.287931] ata9: SATA max UDMA/133 abar m4096@0xf7708000 port 0xf7708100 irq 38
[    0.288330] Fusion MPT base driver 3.04.20
[    0.288331] Copyright (c) 1999-2008 LSI Corporation
[    0.288334] Fusion MPT SPI Host driver 3.04.20
[    0.288342] Fusion MPT SAS Host driver 3.04.20
[    0.288358] ehci_hcd: USB 2.0 'Enhanced' Host Controller (EHCI) Driver
[    0.288360] ehci-pci: EHCI PCI platform driver
[    0.288367] ehci-platform: EHCI generic platform driver
[    0.288373] ohci_hcd: USB 1.1 'Open' Host Controller (OHCI) Driver
[    0.288378] ohci-pci: OHCI PCI platform driver
[    0.288385] ohci-platform: OHCI generic platform driver
[    0.288390] uhci_hcd: USB Universal Host Controller Interface driver
[    0.288456] xhci_hcd 0000:01:00.0: xHCI Host Controller
[    0.288462] xhci_hcd 0000:01:00.0: new USB bus registered, assigned bus number 1
[    0.343879] xhci_hcd 0000:01:00.0: hcc params 0x0200ef81 hci version 0x110 quirks 0x0000000008000410
[    0.344022] usb usb1: New USB device found, idVendor=1d6b, idProduct=0002, bcdDevice= 5.12
[    0.344025] usb usb1: New USB device strings: Mfr=3, Product=2, SerialNumber=1
[    0.344027] usb usb1: Product: xHCI Host Controller
[    0.344029] usb usb1: Manufacturer: Linux 5.12.14-porteus xhci-hcd
[    0.344030] usb usb1: SerialNumber: 0000:01:00.0
[    0.344119] hub 1-0:1.0: USB hub found
[    0.344131] hub 1-0:1.0: 9 ports detected
[    0.344501] xhci_hcd 0000:01:00.0: xHCI Host Controller
[    0.344505] xhci_hcd 0000:01:00.0: new USB bus registered, assigned bus number 2
[    0.344507] xhci_hcd 0000:01:00.0: Host supports USB 3.1 Enhanced SuperSpeed
[    0.344538] usb usb2: We don't know the algorithms for LPM for this host, disabling LPM.
[    0.344552] usb usb2: New USB device found, idVendor=1d6b, idProduct=0003, bcdDevice= 5.12
[    0.344555] usb usb2: New USB device strings: Mfr=3, Product=2, SerialNumber=1
[    0.344557] usb usb2: Product: xHCI Host Controller
[    0.344558] usb usb2: Manufacturer: Linux 5.12.14-porteus xhci-hcd
[    0.344559] usb usb2: SerialNumber: 0000:01:00.0
[    0.344624] hub 2-0:1.0: USB hub found
[    0.344631] hub 2-0:1.0: 3 ports detected
[    0.344916] xhci_hcd 0000:07:00.3: xHCI Host Controller
[    0.344921] xhci_hcd 0000:07:00.3: new USB bus registered, assigned bus number 3
[    0.345016] xhci_hcd 0000:07:00.3: hcc params 0x0270f665 hci version 0x100 quirks 0x0000000040000410
[    0.345107] usb usb3: New USB device found, idVendor=1d6b, idProduct=0002, bcdDevice= 5.12
[    0.345110] usb usb3: New USB device strings: Mfr=3, Product=2, SerialNumber=1
[    0.345112] usb usb3: Product: xHCI Host Controller
[    0.345113] usb usb3: Manufacturer: Linux 5.12.14-porteus xhci-hcd
[    0.345114] usb usb3: SerialNumber: 0000:07:00.3
[    0.345181] hub 3-0:1.0: USB hub found
[    0.345187] hub 3-0:1.0: 4 ports detected
[    0.345318] xhci_hcd 0000:07:00.3: xHCI Host Controller
[    0.345321] xhci_hcd 0000:07:00.3: new USB bus registered, assigned bus number 4
[    0.345324] xhci_hcd 0000:07:00.3: Host supports USB 3.0 SuperSpeed
[    0.345334] usb usb4: We don't know the algorithms for LPM for this host, disabling LPM.
[    0.345348] usb usb4: New USB device found, idVendor=1d6b, idProduct=0003, bcdDevice= 5.12
[    0.345350] usb usb4: New USB device strings: Mfr=3, Product=2, SerialNumber=1
[    0.345352] usb usb4: Product: xHCI Host Controller
[    0.345353] usb usb4: Manufacturer: Linux 5.12.14-porteus xhci-hcd
[    0.345354] usb usb4: SerialNumber: 0000:07:00.3
[    0.345418] hub 4-0:1.0: USB hub found
[    0.345424] hub 4-0:1.0: 4 ports detected
[    0.345543] ehci-fsl: Freescale EHCI Host controller driver
[    0.345593] usbcore: registered new interface driver uas
[    0.345607] usbcore: registered new interface driver usb-storage
[    0.345611] usbcore: registered new interface driver ums-alauda
[    0.345616] usbcore: registered new interface driver ums-cypress
[    0.345621] usbcore: registered new interface driver ums-datafab
[    0.345625] usbcore: registered new interface driver ums_eneub6250
[    0.345630] usbcore: registered new interface driver ums-freecom
[    0.345635] usbcore: registered new interface driver ums-isd200
[    0.345639] usbcore: registered new interface driver ums-jumpshot
[    0.345646] usbcore: registered new interface driver ums-karma
[    0.345650] usbcore: registered new interface driver ums-onetouch
[    0.345656] usbcore: registered new interface driver ums-realtek
[    0.345661] usbcore: registered new interface driver ums-sddr09
[    0.345666] usbcore: registered new interface driver ums-sddr55
[    0.345670] usbcore: registered new interface driver ums-usbat
[    0.345685] i8042: PNP: No PS/2 controller found.
[    0.345725] mousedev: PS/2 mouse device common for all mice
[    0.345807] rtc_cmos 00:02: RTC can wake from S4
[    0.346172] rtc_cmos 00:02: registered as rtc0
[    0.346255] rtc_cmos 00:02: setting system clock to 2022-04-10T01:43:53 UTC (1649555033)
[    0.346258] rtc_cmos 00:02: alarms up to one month, y3k, 114 bytes nvram, hpet irqs
[    0.346276] sdhci: Secure Digital Host Controller Interface driver
[    0.346277] sdhci: Copyright(c) Pierre Ossman
[    0.346300] wbsd: Winbond W83L51xD SD/MMC card interface driver
[    0.346301] wbsd: Copyright(c) Pierre Ossman
[    0.346316] VUB300 Driver rom wait states = 1C irqpoll timeout = 0400
[    0.346389] usbcore: registered new interface driver vub300
[    0.346395] usbcore: registered new interface driver ushc
[    0.346403] sdhci-pltfm: SDHCI platform and OF driver helper
[    0.346462] hid: raw HID events driver (C) Jiri Kosina
[    0.346477] usbcore: registered new interface driver usbhid
[    0.346478] usbhid: USB HID core driver
[    0.346557] NET: Registered protocol family 17
[    0.346881] microcode: CPU0: patch_level=0x08001138
[    0.346889] microcode: CPU1: patch_level=0x08001138
[    0.346895] microcode: CPU2: patch_level=0x08001138
[    0.346900] microcode: CPU3: patch_level=0x08001138
[    0.346925] microcode: Microcode Update Driver: v2.2.
[    0.346929] IPI shorthand broadcast: enabled
[    0.346938] sched_clock: Marking stable (354914752, -7992214)->(368354227, -21431689)
[    0.346990] registered taskstats version 1
[    0.346994] Loading compiled-in X.509 certificates
[    0.347739] Loaded X.509 cert 'Build time autogenerated kernel key: 642bf0700bfb7ed1b3f7215d7453c5ebc842f047'
[    0.347782] Key type ._fscrypt registered
[    0.347783] Key type .fscrypt registered
[    0.347784] Key type fscrypt-provisioning registered
[    0.348004] Btrfs loaded, crc32c=crc32c-intel, zoned=no
[    0.348167] Key type encrypted registered
[    0.348325] ALSA device list:
[    0.348327]   No soundcards found.
[    0.586003] usb 3-1: new low-speed USB device number 2 using xhci_hcd
[    0.598296] ata1: SATA link down (SStatus 0 SControl 300)
[    0.598321] ata9: SATA link down (SStatus 0 SControl 300)
[    0.648002] usb 1-5: new high-speed USB device number 2 using xhci_hcd
[    0.879320] usb 1-5: New USB device found, idVendor=0781, idProduct=5581, bcdDevice= 1.00
[    0.879325] usb 1-5: New USB device strings: Mfr=1, Product=2, SerialNumber=3
[    0.879327] usb 1-5: Product:  SanDisk 3.2Gen1
[    0.879329] usb 1-5: Manufacturer:  USB
[    0.879331] usb 1-5: SerialNumber: 0101aca45d067a106c893431c678f1820e05f0e0f072ad41b7eb7bd4589b0bc36423000000000000000000002b2aed99ff9e150081558107cf2a9dcc
[    0.883492] usb 3-1: New USB device found, idVendor=17ef, idProduct=608c, bcdDevice= 2.18
[    0.883496] usb 3-1: New USB device strings: Mfr=1, Product=2, SerialNumber=0
[    0.883498] usb 3-1: Product: Lenovo Calliope USB Keyboard
[    0.883499] usb 3-1: Manufacturer: Lenovo
[    0.887342] usb-storage 1-5:1.0: USB Mass Storage device detected
[    0.887443] scsi host9: usb-storage 1-5:1.0
[    0.910304] ata2: SATA link down (SStatus 0 SControl 300)
[    0.969654] input: Lenovo Lenovo Calliope USB Keyboard as /devices/pci0000:00/0000:00:07.1/0000:07:00.3/usb3/3-1/3-1:1.0/0003:17EF:608C.0001/input/input2
[    1.021443] hid-generic 0003:17EF:608C.0001: input,hidraw0: USB HID v1.11 Keyboard [Lenovo Lenovo Calliope USB Keyboard] on usb-0000:07:00.3-1/input0
[    1.131878] input: Lenovo Lenovo Calliope USB Keyboard System Control as /devices/pci0000:00/0000:00:07.1/0000:07:00.3/usb3/3-1/3-1:1.1/0003:17EF:608C.0002/input/input3
[    1.183443] input: Lenovo Lenovo Calliope USB Keyboard Consumer Control as /devices/pci0000:00/0000:00:07.1/0000:07:00.3/usb3/3-1/3-1:1.1/0003:17EF:608C.0002/input/input4
[    1.183500] hid-generic 0003:17EF:608C.0002: input,hidraw1: USB HID v1.11 Device [Lenovo Lenovo Calliope USB Keyboard] on usb-0000:07:00.3-1/input1
[    1.222950] ata5: SATA link down (SStatus 0 SControl 300)
[    1.297355] usb 3-2: new low-speed USB device number 3 using xhci_hcd
[    1.304356] tsc: Refined TSC clocksource calibration: 3094.187 MHz
[    1.304368] clocksource: tsc: mask: 0xffffffffffffffff max_cycles: 0x2c99d3f920e, max_idle_ns: 440795207063 ns
[    1.304548] clocksource: Switched to clocksource tsc
[    1.459575] usb 3-2: New USB device found, idVendor=17ef, idProduct=608d, bcdDevice= 1.00
[    1.459581] usb 3-2: New USB device strings: Mfr=1, Product=2, SerialNumber=0
[    1.459584] usb 3-2: Product: lenovo USB Optical Mouse
[    1.459585] usb 3-2: Manufacturer: PixArt
[    1.485104] input: PixArt lenovo USB Optical Mouse as /devices/pci0000:00/0000:00:07.1/0000:07:00.3/usb3/3-2/3-2:1.0/0003:17EF:608D.0003/input/input5
[    1.485171] hid-generic 0003:17EF:608D.0003: input,hidraw2: USB HID v1.11 Mouse [PixArt lenovo USB Optical Mouse] on usb-0000:07:00.3-2/input0
[    1.534306] ata6: SATA link down (SStatus 0 SControl 300)
[    1.534690] Freeing unused kernel image (initmem) memory: 1016K
[    1.534697] Write protecting the kernel read-only data: 16384k
[    1.535143] Freeing unused kernel image (text/rodata gap) memory: 2044K
[    1.535414] Freeing unused kernel image (rodata/data gap) memory: 1860K
[    1.535420] rodata_test: all tests were successful
[    1.535427] Run /init as init process
[    1.535428]   with arguments:
[    1.535429]     /init
[    1.535429]     APPEND
[    1.535430]   with environment:
[    1.535430]     HOME=/
[    1.535431]     TERM=linux
[    1.535432]     BOOT_IMAGE=/boot/syslinux/vmlinuz
[    1.535432]     changes=EXIT:
[    1.948093] scsi 9:0:0:0: Direct-Access      USB      SanDisk 3.2Gen1 1.00 PQ: 0 ANSI: 6
[    1.948524] sd 9:0:0:0: [sda] 60088320 512-byte logical blocks: (30.8 GB/28.7 GiB)
[    1.951766] sd 9:0:0:0: [sda] Write Protect is off
[    1.951771] sd 9:0:0:0: [sda] Mode Sense: 43 00 00 00
[    1.954763] sd 9:0:0:0: [sda] Write cache: disabled, read cache: enabled, doesn't support DPO or FUA
[    1.968740]  sda: sda1
[    1.977122] sd 9:0:0:0: [sda] Attached SCSI removable disk
[    2.575863] random: fast init done
[    2.579828] ISO 9660 Extensions: Microsoft Joliet Level 3
[    2.581211] ISO 9660 Extensions: Microsoft Joliet Level 3
[    2.582062] ISO 9660 Extensions: RRIP_1991A
[    2.586350] loop0: detected capacity change from 0 to 150984
[    2.593245] /dev/loop0: Can't open blockdev
[    2.609799] loop0: detected capacity change from 0 to 150984
[    2.615265] /dev/loop0: Can't open blockdev
[    2.616897] loop1: detected capacity change from 0 to 259528
[    2.626645] /dev/loop1: Can't open blockdev
[    2.630679] loop2: detected capacity change from 0 to 213632
[    2.644830] /dev/loop2: Can't open blockdev
[    2.649486] loop3: detected capacity change from 0 to 35552
[    2.659368] /dev/loop3: Can't open blockdev
[    2.662689] loop4: detected capacity change from 0 to 49952
[    2.673939] /dev/loop4: Can't open blockdev
[    3.507002] random: crng init done
[    6.827265] NET: Registered protocol family 10
[    6.827494] Segment Routing with IPv6
[    6.882602] udevd[442]: starting eudev-3.2.10
[    6.939812] acpi_cpufreq: overriding BIOS provided _PSD data
[    7.039503] libphy: r8169: probed
[    7.039679] r8169 0000:05:00.0 eth0: RTL8168g/8111g, 70:85:c2:a0:f1:a1, XID 4c0, IRQ 42
[    7.039683] r8169 0000:05:00.0 eth0: jumbo features [frames: 9194 bytes, tx checksumming: ko]
[    7.064365] nouveau 0000:06:00.0: vgaarb: deactivate vga console
[    7.065460] snd_hda_intel 0000:06:00.1: Disabling MSI
[    7.065467] snd_hda_intel 0000:06:00.1: Handle vga_switcheroo audio client
[    7.070532] Console: switching to colour dummy device 80x25
[    7.070598] nouveau 0000:06:00.0: NVIDIA GM204 (124020a1)
[    7.091964] snd_hda_codec_realtek hdaudioC1D0: autoconfig for ALC887-VD: line_outs=1 (0x14/0x0/0x0/0x0/0x0) type:line
[    7.091971] snd_hda_codec_realtek hdaudioC1D0:    speaker_outs=0 (0x0/0x0/0x0/0x0/0x0)
[    7.091973] snd_hda_codec_realtek hdaudioC1D0:    hp_outs=1 (0x1b/0x0/0x0/0x0/0x0)
[    7.091975] snd_hda_codec_realtek hdaudioC1D0:    mono: mono_out=0x0
[    7.091977] snd_hda_codec_realtek hdaudioC1D0:    inputs:
[    7.091979] snd_hda_codec_realtek hdaudioC1D0:      Front Mic=0x19
[    7.091980] snd_hda_codec_realtek hdaudioC1D0:      Rear Mic=0x18
[    7.091982] snd_hda_codec_realtek hdaudioC1D0:      Line=0x1a
[    7.138495] input: HD-Audio Generic Front Mic as /devices/pci0000:00/0000:00:08.1/0000:08:00.3/sound/card1/input6
[    7.138541] input: HD-Audio Generic Rear Mic as /devices/pci0000:00/0000:00:08.1/0000:08:00.3/sound/card1/input7
[    7.138578] input: HD-Audio Generic Line as /devices/pci0000:00/0000:00:08.1/0000:08:00.3/sound/card1/input8
[    7.138614] input: HD-Audio Generic Line Out as /devices/pci0000:00/0000:00:08.1/0000:08:00.3/sound/card1/input9
[    7.138649] input: HD-Audio Generic Front Headphone as /devices/pci0000:00/0000:00:08.1/0000:08:00.3/sound/card1/input10
[    7.143496] input: HDA NVidia HDMI/DP,pcm=3 as /devices/pci0000:00/0000:00:03.1/0000:06:00.1/sound/card0/input11
[    7.143559] input: HDA NVidia HDMI/DP,pcm=7 as /devices/pci0000:00/0000:00:03.1/0000:06:00.1/sound/card0/input12
[    7.143612] input: HDA NVidia HDMI/DP,pcm=8 as /devices/pci0000:00/0000:00:03.1/0000:06:00.1/sound/card0/input13
[    7.143665] input: HDA NVidia HDMI/DP,pcm=9 as /devices/pci0000:00/0000:00:03.1/0000:06:00.1/sound/card0/input14
[    7.143717] input: HDA NVidia HDMI/DP,pcm=10 as /devices/pci0000:00/0000:00:03.1/0000:06:00.1/sound/card0/input15
[    7.143769] input: HDA NVidia HDMI/DP,pcm=11 as /devices/pci0000:00/0000:00:03.1/0000:06:00.1/sound/card0/input16
[    7.143822] input: HDA NVidia HDMI/DP,pcm=12 as /devices/pci0000:00/0000:00:03.1/0000:06:00.1/sound/card0/input17
[    7.170146] nouveau 0000:06:00.0: bios: version 84.04.84.00.2c
[    7.197041] nouveau 0000:06:00.0: pmu: firmware unavailable
[    7.200606] nouveau 0000:06:00.0: fb: 4096 MiB GDDR5
[    7.200625] nouveau 0000:06:00.0: bus: MMIO write of 8000012f FAULT at 10eb14 [ PRIVRING ]
[    7.296165] [TTM] Zone  kernel: Available graphics memory: 8164992 KiB
[    7.296169] [TTM] Zone   dma32: Available graphics memory: 2097152 KiB
[    7.296193] nouveau 0000:06:00.0: DRM: VRAM: 4096 MiB
[    7.296196] nouveau 0000:06:00.0: DRM: GART: 1048576 MiB
[    7.296200] nouveau 0000:06:00.0: DRM: TMDS table version 2.0
[    7.296202] nouveau 0000:06:00.0: DRM: DCB version 4.1
[    7.296205] nouveau 0000:06:00.0: DRM: DCB outp 00: 01000f02 00020030
[    7.296207] nouveau 0000:06:00.0: DRM: DCB outp 01: 02000f00 00000000
[    7.296210] nouveau 0000:06:00.0: DRM: DCB outp 02: 04811f82 00020030
[    7.296212] nouveau 0000:06:00.0: DRM: DCB outp 03: 02822f62 00020010
[    7.296214] nouveau 0000:06:00.0: DRM: DCB outp 05: 02833f76 04400020
[    7.296215] nouveau 0000:06:00.0: DRM: DCB outp 06: 02033f72 00020020
[    7.296217] nouveau 0000:06:00.0: DRM: DCB outp 15: 01df4ff8 00000000
[    7.296219] nouveau 0000:06:00.0: DRM: DCB conn 00: 00001030
[    7.296220] nouveau 0000:06:00.0: DRM: DCB conn 01: 01000131
[    7.296222] nouveau 0000:06:00.0: DRM: DCB conn 02: 00010261
[    7.296223] nouveau 0000:06:00.0: DRM: DCB conn 03: 00020346
[    7.296224] nouveau 0000:06:00.0: DRM: DCB conn 04: 00000470
[    7.296595] nouveau 0000:06:00.0: DRM: MM: using COPY for buffer copies
[    7.297957] nouveau 0000:06:00.0: DRM: failed to create encoder 1/8/0: -19
[    7.297961] nouveau 0000:06:00.0: DRM: Virtual-1 has no encoders, removing
[    7.297974] snd_hda_intel 0000:06:00.1: bound 0000:06:00.0 (ops 0xffffffffa022ee30)
