Apr 10 01:43:52 porteus kernel: Linux version 5.12.14-porteus (root@porteus.example.net) (gcc (GCC) 10.3.0, GNU ld version 2.36.1-slack15) #1 SMP Sat Jul 3 11:33:18 MSK 2021
Apr 10 01:43:52 porteus kernel: Command line: BOOT_IMAGE=/boot/syslinux/vmlinuz changes=/porteus initrd=/boot/syslinux/initrd.xz APPEND changes=EXIT:
Apr 10 01:43:52 porteus kernel: x86/fpu: Supporting XSAVE feature 0x001: 'x87 floating point registers'
Apr 10 01:43:52 porteus kernel: x86/fpu: Supporting XSAVE feature 0x002: 'SSE registers'
Apr 10 01:43:52 porteus kernel: x86/fpu: Supporting XSAVE feature 0x004: 'AVX registers'
Apr 10 01:43:52 porteus kernel: x86/fpu: xstate_offset[2]:  576, xstate_sizes[2]:  256
Apr 10 01:43:52 porteus kernel: x86/fpu: Enabled xstate features 0x7, context size is 832 bytes, using 'compacted' format.
Apr 10 01:43:52 porteus kernel: BIOS-provided physical RAM map:
Apr 10 01:43:52 porteus kernel: BIOS-e820: [mem 0x0000000000000000-0x000000000009ebff] usable
Apr 10 01:43:52 porteus kernel: BIOS-e820: [mem 0x000000000009ec00-0x000000000009ffff] reserved
Apr 10 01:43:52 porteus kernel: BIOS-e820: [mem 0x00000000000e0000-0x00000000000fffff] reserved
Apr 10 01:43:52 porteus kernel: BIOS-e820: [mem 0x0000000000100000-0x0000000009cfffff] usable
Apr 10 01:43:52 porteus kernel: BIOS-e820: [mem 0x0000000009d00000-0x0000000009ffffff] reserved
Apr 10 01:43:52 porteus kernel: BIOS-e820: [mem 0x000000000a000000-0x000000000a1fffff] usable
Apr 10 01:43:52 porteus kernel: BIOS-e820: [mem 0x000000000a200000-0x000000000a20afff] ACPI NVS
Apr 10 01:43:52 porteus kernel: BIOS-e820: [mem 0x000000000a20b000-0x000000000affffff] usable
Apr 10 01:43:52 porteus kernel: BIOS-e820: [mem 0x000000000b000000-0x000000000b01ffff] reserved
Apr 10 01:43:52 porteus kernel: BIOS-e820: [mem 0x000000000b020000-0x00000000da6b1fff] usable
Apr 10 01:43:52 porteus kernel: BIOS-e820: [mem 0x00000000da6b2000-0x00000000dbb86fff] reserved
Apr 10 01:43:52 porteus kernel: BIOS-e820: [mem 0x00000000dbb87000-0x00000000dbd41fff] usable
Apr 10 01:43:52 porteus kernel: BIOS-e820: [mem 0x00000000dbd42000-0x00000000dc14cfff] ACPI NVS
Apr 10 01:43:52 porteus kernel: BIOS-e820: [mem 0x00000000dc14d000-0x00000000dcc79fff] reserved
Apr 10 01:43:52 porteus kernel: BIOS-e820: [mem 0x00000000dcc7a000-0x00000000deffffff] usable
Apr 10 01:43:52 porteus kernel: BIOS-e820: [mem 0x00000000df000000-0x00000000dfffffff] reserved
Apr 10 01:43:52 porteus kernel: BIOS-e820: [mem 0x00000000f8000000-0x00000000fbffffff] reserved
Apr 10 01:43:52 porteus kernel: BIOS-e820: [mem 0x00000000fd000000-0x00000000ffffffff] reserved
Apr 10 01:43:52 porteus kernel: BIOS-e820: [mem 0x0000000100000000-0x000000041f37ffff] usable
Apr 10 01:43:52 porteus kernel: NX (Execute Disable) protection: active
Apr 10 01:43:52 porteus kernel: SMBIOS 3.2.1 present.
Apr 10 01:43:52 porteus kernel: DMI: To Be Filled By O.E.M. To Be Filled By O.E.M./A320M-DGS, BIOS P6.20 08/12/2020
Apr 10 01:43:52 porteus kernel: tsc: Fast TSC calibration failed
Apr 10 01:43:52 porteus kernel: last_pfn = 0x41f380 max_arch_pfn = 0x400000000
Apr 10 01:43:52 porteus kernel: x86/PAT: Configuration [0-7]: WB  WC  UC- UC  WB  WP  UC- WT  
Apr 10 01:43:52 porteus kernel: last_pfn = 0xdf000 max_arch_pfn = 0x400000000
Apr 10 01:43:52 porteus kernel: Using GB pages for direct mapping
Apr 10 01:43:52 porteus kernel: RAMDISK: [mem 0x7fee6000-0x7fffffff]
Apr 10 01:43:52 porteus kernel: ACPI: Early table checksum verification disabled
Apr 10 01:43:52 porteus kernel: ACPI: RSDP 0x00000000000F05A0 000024 (v02 ALASKA)
Apr 10 01:43:52 porteus kernel: ACPI: XSDT 0x00000000DC0C9098 0000B4 (v01 ALASKA A M I    01072009 AMI  00010013)
Apr 10 01:43:52 porteus kernel: ACPI: FACP 0x00000000DC0CFDF0 000114 (v06 ALASKA A M I    01072009 AMI  00010013)
Apr 10 01:43:52 porteus kernel: ACPI: DSDT 0x00000000DC0C91E8 006C02 (v02 ALASKA A M I    01072009 INTL 20120913)
Apr 10 01:43:52 porteus kernel: ACPI: FACS 0x00000000DC135E00 000040
Apr 10 01:43:52 porteus kernel: ACPI: APIC 0x00000000DC0CFF08 00015E (v03 ALASKA A M I    01072009 AMI  00010013)
Apr 10 01:43:52 porteus kernel: ACPI: FPDT 0x00000000DC0D0068 000044 (v01 ALASKA A M I    01072009 AMI  00010013)
Apr 10 01:43:52 porteus kernel: ACPI: FIDT 0x00000000DC0D00B0 00009C (v01 ALASKA A M I    01072009 AMI  00010013)
Apr 10 01:43:52 porteus kernel: ACPI: SSDT 0x00000000DC0D0150 000060 (v02 ALASKA CPUSSDT  01072009 AMI  01072009)
Apr 10 01:43:52 porteus kernel: ACPI: SSDT 0x00000000DC0D01B0 008C98 (v02 AMD    AMD ALIB 00000002 MSFT 04000000)
Apr 10 01:43:52 porteus kernel: ACPI: SSDT 0x00000000DC0D8E48 00378A (v01 AMD    AMD AOD  00000001 INTL 20120913)
Apr 10 01:43:52 porteus kernel: ACPI: MCFG 0x00000000DC0DC5D8 00003C (v01 ALASKA A M I    01072009 MSFT 00010013)
Apr 10 01:43:52 porteus kernel: ACPI: AAFT 0x00000000DC0DC618 0003B8 (v01 ALASKA OEMAAFT  01072009 MSFT 00000097)
Apr 10 01:43:52 porteus kernel: ACPI: HPET 0x00000000DC0DC9D0 000038 (v01 ALASKA A M I    01072009 AMI  00000005)
Apr 10 01:43:52 porteus kernel: ACPI: SSDT 0x00000000DC0DCA08 000024 (v01 AMDFCH FCHZP    00001000 INTL 20120913)
Apr 10 01:43:52 porteus kernel: ACPI: UEFI 0x00000000DC0DCA30 000042 (v01 ALASKA A M I    00000002      01000013)
Apr 10 01:43:52 porteus kernel: ACPI: SSDT 0x00000000DC0DCA78 000854 (v01 AMD    AMD CPU  00000001 AMD  00000001)
Apr 10 01:43:52 porteus kernel: ACPI: CRAT 0x00000000DC0DD2D0 000850 (v01 AMD    AMD CRAT 00000001 AMD  00000001)
Apr 10 01:43:52 porteus kernel: ACPI: CDIT 0x00000000DC0DDB20 000029 (v01 AMD    AMD CDIT 00000001 AMD  00000001)
Apr 10 01:43:52 porteus kernel: ACPI: SSDT 0x00000000DC0DDB50 001D34 (v01 AMD    AmdTable 00000001 INTL 20120913)
Apr 10 01:43:52 porteus kernel: ACPI: SSDT 0x00000000DC0DF888 0000BF (v01 AMD    AMD PT   00001000 INTL 20120913)
Apr 10 01:43:52 porteus kernel: ACPI: WSMT 0x00000000DC0DF948 000028 (v01 ALASKA A M I    01072009 AMI  00010013)
Apr 10 01:43:52 porteus kernel: ACPI: Reserving FACP table memory at [mem 0xdc0cfdf0-0xdc0cff03]
Apr 10 01:43:52 porteus kernel: ACPI: Reserving DSDT table memory at [mem 0xdc0c91e8-0xdc0cfde9]
Apr 10 01:43:52 porteus kernel: ACPI: Reserving FACS table memory at [mem 0xdc135e00-0xdc135e3f]
Apr 10 01:43:52 porteus kernel: ACPI: Reserving APIC table memory at [mem 0xdc0cff08-0xdc0d0065]
Apr 10 01:43:52 porteus kernel: ACPI: Reserving FPDT table memory at [mem 0xdc0d0068-0xdc0d00ab]
Apr 10 01:43:52 porteus kernel: ACPI: Reserving FIDT table memory at [mem 0xdc0d00b0-0xdc0d014b]
Apr 10 01:43:52 porteus kernel: ACPI: Reserving SSDT table memory at [mem 0xdc0d0150-0xdc0d01af]
Apr 10 01:43:52 porteus kernel: ACPI: Reserving SSDT table memory at [mem 0xdc0d01b0-0xdc0d8e47]
Apr 10 01:43:52 porteus kernel: ACPI: Reserving SSDT table memory at [mem 0xdc0d8e48-0xdc0dc5d1]
Apr 10 01:43:52 porteus kernel: ACPI: Reserving MCFG table memory at [mem 0xdc0dc5d8-0xdc0dc613]
Apr 10 01:43:52 porteus kernel: ACPI: Reserving AAFT table memory at [mem 0xdc0dc618-0xdc0dc9cf]
Apr 10 01:43:52 porteus kernel: ACPI: Reserving HPET table memory at [mem 0xdc0dc9d0-0xdc0dca07]
Apr 10 01:43:52 porteus kernel: ACPI: Reserving SSDT table memory at [mem 0xdc0dca08-0xdc0dca2b]
Apr 10 01:43:52 porteus kernel: ACPI: Reserving UEFI table memory at [mem 0xdc0dca30-0xdc0dca71]
Apr 10 01:43:52 porteus kernel: ACPI: Reserving SSDT table memory at [mem 0xdc0dca78-0xdc0dd2cb]
Apr 10 01:43:52 porteus kernel: ACPI: Reserving CRAT table memory at [mem 0xdc0dd2d0-0xdc0ddb1f]
Apr 10 01:43:52 porteus kernel: ACPI: Reserving CDIT table memory at [mem 0xdc0ddb20-0xdc0ddb48]
Apr 10 01:43:52 porteus kernel: ACPI: Reserving SSDT table memory at [mem 0xdc0ddb50-0xdc0df883]
Apr 10 01:43:52 porteus kernel: ACPI: Reserving SSDT table memory at [mem 0xdc0df888-0xdc0df946]
Apr 10 01:43:52 porteus kernel: ACPI: Reserving WSMT table memory at [mem 0xdc0df948-0xdc0df96f]
Apr 10 01:43:52 porteus kernel: Setting APIC routing to physical flat.
Apr 10 01:43:52 porteus kernel: No NUMA configuration found
Apr 10 01:43:52 porteus kernel: Faking a node at [mem 0x0000000000000000-0x000000041f37ffff]
Apr 10 01:43:52 porteus kernel: NODE_DATA(0) allocated [mem 0x41f37c000-0x41f37ffff]
Apr 10 01:43:52 porteus kernel: Zone ranges:
Apr 10 01:43:52 porteus kernel:   DMA      [mem 0x0000000000001000-0x0000000000ffffff]
Apr 10 01:43:52 porteus kernel:   DMA32    [mem 0x0000000001000000-0x00000000ffffffff]
Apr 10 01:43:52 porteus kernel:   Normal   [mem 0x0000000100000000-0x000000041f37ffff]
Apr 10 01:43:52 porteus kernel: Movable zone start for each node
Apr 10 01:43:52 porteus kernel: Early memory node ranges
Apr 10 01:43:52 porteus kernel:   node   0: [mem 0x0000000000001000-0x000000000009dfff]
Apr 10 01:43:52 porteus kernel:   node   0: [mem 0x0000000000100000-0x0000000009cfffff]
Apr 10 01:43:52 porteus kernel:   node   0: [mem 0x000000000a000000-0x000000000a1fffff]
Apr 10 01:43:52 porteus kernel:   node   0: [mem 0x000000000a20b000-0x000000000affffff]
Apr 10 01:43:52 porteus kernel:   node   0: [mem 0x000000000b020000-0x00000000da6b1fff]
Apr 10 01:43:52 porteus kernel:   node   0: [mem 0x00000000dbb87000-0x00000000dbd41fff]
Apr 10 01:43:52 porteus kernel:   node   0: [mem 0x00000000dcc7a000-0x00000000deffffff]
Apr 10 01:43:52 porteus kernel:   node   0: [mem 0x0000000100000000-0x000000041f37ffff]
Apr 10 01:43:52 porteus kernel: Initmem setup node 0 [mem 0x0000000000001000-0x000000041f37ffff]
Apr 10 01:43:52 porteus kernel:   DMA zone: 28771 pages in unavailable ranges
Apr 10 01:43:52 porteus kernel:   DMA32 zone: 14136 pages in unavailable ranges
Apr 10 01:43:52 porteus kernel:   Normal zone: 3200 pages in unavailable ranges
Apr 10 01:43:52 porteus kernel: ACPI: PM-Timer IO Port: 0x808
Apr 10 01:43:52 porteus kernel: ACPI: LAPIC_NMI (acpi_id[0xff] high edge lint[0x1])
Apr 10 01:43:52 porteus kernel: IOAPIC[0]: apic_id 5, version 33, address 0xfec00000, GSI 0-23
Apr 10 01:43:52 porteus kernel: IOAPIC[1]: apic_id 6, version 33, address 0xfec01000, GSI 24-55
Apr 10 01:43:52 porteus kernel: ACPI: INT_SRC_OVR (bus 0 bus_irq 0 global_irq 2 dfl dfl)
Apr 10 01:43:52 porteus kernel: ACPI: INT_SRC_OVR (bus 0 bus_irq 9 global_irq 9 low level)
Apr 10 01:43:52 porteus kernel: Using ACPI (MADT) for SMP configuration information
Apr 10 01:43:52 porteus kernel: ACPI: HPET id: 0x10228201 base: 0xfed00000
Apr 10 01:43:52 porteus kernel: smpboot: Allowing 32 CPUs, 28 hotplug CPUs
Apr 10 01:43:52 porteus kernel: PM: hibernation: Registered nosave memory: [mem 0x00000000-0x00000fff]
Apr 10 01:43:52 porteus kernel: PM: hibernation: Registered nosave memory: [mem 0x0009e000-0x0009efff]
Apr 10 01:43:52 porteus kernel: PM: hibernation: Registered nosave memory: [mem 0x0009f000-0x0009ffff]
Apr 10 01:43:52 porteus kernel: PM: hibernation: Registered nosave memory: [mem 0x000a0000-0x000dffff]
Apr 10 01:43:52 porteus kernel: PM: hibernation: Registered nosave memory: [mem 0x000e0000-0x000fffff]
Apr 10 01:43:52 porteus kernel: PM: hibernation: Registered nosave memory: [mem 0x09d00000-0x09ffffff]
Apr 10 01:43:52 porteus kernel: PM: hibernation: Registered nosave memory: [mem 0x0a200000-0x0a20afff]
Apr 10 01:43:52 porteus kernel: PM: hibernation: Registered nosave memory: [mem 0x0b000000-0x0b01ffff]
Apr 10 01:43:52 porteus kernel: PM: hibernation: Registered nosave memory: [mem 0xda6b2000-0xdbb86fff]
Apr 10 01:43:52 porteus kernel: PM: hibernation: Registered nosave memory: [mem 0xdbd42000-0xdc14cfff]
Apr 10 01:43:52 porteus kernel: PM: hibernation: Registered nosave memory: [mem 0xdc14d000-0xdcc79fff]
Apr 10 01:43:52 porteus kernel: PM: hibernation: Registered nosave memory: [mem 0xdf000000-0xdfffffff]
Apr 10 01:43:52 porteus kernel: PM: hibernation: Registered nosave memory: [mem 0xe0000000-0xf7ffffff]
Apr 10 01:43:52 porteus kernel: PM: hibernation: Registered nosave memory: [mem 0xf8000000-0xfbffffff]
Apr 10 01:43:52 porteus kernel: PM: hibernation: Registered nosave memory: [mem 0xfc000000-0xfcffffff]
Apr 10 01:43:52 porteus kernel: PM: hibernation: Registered nosave memory: [mem 0xfd000000-0xffffffff]
Apr 10 01:43:52 porteus kernel: [mem 0xe0000000-0xf7ffffff] available for PCI devices
Apr 10 01:43:52 porteus kernel: clocksource: refined-jiffies: mask: 0xffffffff max_cycles: 0xffffffff, max_idle_ns: 1910969940391419 ns
Apr 10 01:43:52 porteus kernel: setup_percpu: NR_CPUS:32 nr_cpumask_bits:32 nr_cpu_ids:32 nr_node_ids:1
Apr 10 01:43:52 porteus kernel: percpu: Embedded 44 pages/cpu s139736 r8192 d32296 u262144
Apr 10 01:43:52 porteus kernel: Built 1 zonelists, mobility grouping on.  Total pages: 4111582
Apr 10 01:43:52 porteus kernel: Policy zone: Normal
Apr 10 01:43:52 porteus kernel: Kernel command line: quiet BOOT_IMAGE=/boot/syslinux/vmlinuz changes=/porteus initrd=/boot/syslinux/initrd.xz APPEND changes=EXIT:
Apr 10 01:43:52 porteus kernel: printk: log_buf_len individual max cpu contribution: 4096 bytes
Apr 10 01:43:52 porteus kernel: printk: log_buf_len total cpu_extra contributions: 126976 bytes
Apr 10 01:43:52 porteus kernel: printk: log_buf_len min size: 131072 bytes
Apr 10 01:43:52 porteus kernel: printk: log_buf_len: 262144 bytes
Apr 10 01:43:52 porteus kernel: printk: early log buf free: 120008(91%)
Apr 10 01:43:52 porteus kernel: Dentry cache hash table entries: 2097152 (order: 12, 16777216 bytes, linear)
Apr 10 01:43:52 porteus kernel: Inode-cache hash table entries: 1048576 (order: 11, 8388608 bytes, linear)
Apr 10 01:43:52 porteus kernel: mem auto-init: stack:off, heap alloc:off, heap free:off
Apr 10 01:43:52 porteus kernel: Memory: 16323664K/16707476K available (10242K kernel code, 1142K rwdata, 2236K rodata, 1016K init, 1420K bss, 383556K reserved, 0K cma-reserved)
Apr 10 01:43:52 porteus kernel: SLUB: HWalign=64, Order=0-3, MinObjects=0, CPUs=32, Nodes=1
Apr 10 01:43:52 porteus kernel: rcu: Hierarchical RCU implementation.
Apr 10 01:43:52 porteus kernel: 	Tracing variant of Tasks RCU enabled.
Apr 10 01:43:52 porteus kernel: rcu: RCU calculated value of scheduler-enlistment delay is 100 jiffies.
Apr 10 01:43:52 porteus kernel: NR_IRQS: 4352, nr_irqs: 1224, preallocated irqs: 16
Apr 10 01:43:52 porteus kernel: Console: colour VGA+ 80x25
Apr 10 01:43:52 porteus kernel: printk: console [tty0] enabled
Apr 10 01:43:52 porteus kernel: ACPI: Core revision 20210105
Apr 10 01:43:52 porteus kernel: clocksource: hpet: mask: 0xffffffff max_cycles: 0xffffffff, max_idle_ns: 133484873504 ns
Apr 10 01:43:52 porteus kernel: APIC: Switch to symmetric I/O mode setup
Apr 10 01:43:52 porteus kernel: ..TIMER: vector=0x30 apic1=0 pin1=2 apic2=-1 pin2=-1
Apr 10 01:43:52 porteus kernel: tsc: PIT calibration matches HPET. 2 loops
Apr 10 01:43:52 porteus kernel: tsc: Detected 3093.807 MHz processor
Apr 10 01:43:52 porteus kernel: clocksource: tsc-early: mask: 0xffffffffffffffff max_cycles: 0x2c986d1e694, max_idle_ns: 440795249849 ns
Apr 10 01:43:52 porteus kernel: Calibrating delay loop (skipped), value calculated using timer frequency.. 6187.61 BogoMIPS (lpj=3093807)
Apr 10 01:43:52 porteus kernel: pid_max: default: 32768 minimum: 301
Apr 10 01:43:52 porteus kernel: LSM: Security Framework initializing
Apr 10 01:43:52 porteus kernel: Mount-cache hash table entries: 32768 (order: 6, 262144 bytes, linear)
Apr 10 01:43:52 porteus kernel: Mountpoint-cache hash table entries: 32768 (order: 6, 262144 bytes, linear)
Apr 10 01:43:52 porteus kernel: LVT offset 1 assigned for vector 0xf9
Apr 10 01:43:52 porteus kernel: LVT offset 2 assigned for vector 0xf4
Apr 10 01:43:52 porteus kernel: Last level iTLB entries: 4KB 1024, 2MB 1024, 4MB 512
Apr 10 01:43:52 porteus kernel: Last level dTLB entries: 4KB 1536, 2MB 1536, 4MB 768, 1GB 0
Apr 10 01:43:52 porteus kernel: Spectre V1 : Mitigation: usercopy/swapgs barriers and __user pointer sanitization
Apr 10 01:43:52 porteus kernel: Spectre V2 : Mitigation: Full AMD retpoline
Apr 10 01:43:52 porteus kernel: Spectre V2 : Spectre v2 / SpectreRSB mitigation: Filling RSB on context switch
Apr 10 01:43:52 porteus kernel: Spectre V2 : mitigation: Enabling conditional Indirect Branch Prediction Barrier
Apr 10 01:43:52 porteus kernel: Speculative Store Bypass: Mitigation: Speculative Store Bypass disabled via prctl and seccomp
Apr 10 01:43:52 porteus kernel: Freeing SMP alternatives memory: 16K
Apr 10 01:43:52 porteus kernel: smpboot: CPU0: AMD Ryzen 3 1200 Quad-Core Processor (family: 0x17, model: 0x1, stepping: 0x1)
Apr 10 01:43:52 porteus kernel: Performance Events: Fam17h+ core perfctr, AMD PMU driver.
Apr 10 01:43:52 porteus kernel: ... version:                0
Apr 10 01:43:52 porteus kernel: ... bit width:              48
Apr 10 01:43:52 porteus kernel: ... generic registers:      6
Apr 10 01:43:52 porteus kernel: ... value mask:             0000ffffffffffff
Apr 10 01:43:52 porteus kernel: ... max period:             00007fffffffffff
Apr 10 01:43:52 porteus kernel: ... fixed-purpose events:   0
Apr 10 01:43:52 porteus kernel: ... event mask:             000000000000003f
Apr 10 01:43:52 porteus kernel: rcu: Hierarchical SRCU implementation.
Apr 10 01:43:52 porteus kernel: smp: Bringing up secondary CPUs ...
Apr 10 01:43:52 porteus kernel: x86: Booting SMP configuration:
Apr 10 01:43:52 porteus kernel: .... node  #0, CPUs:        #1  #2  #3
Apr 10 01:43:52 porteus kernel: smp: Brought up 1 node, 4 CPUs
Apr 10 01:43:52 porteus kernel: smpboot: Max logical packages: 8
Apr 10 01:43:52 porteus kernel: smpboot: Total of 4 processors activated (24750.45 BogoMIPS)
Apr 10 01:43:52 porteus kernel: devtmpfs: initialized
Apr 10 01:43:52 porteus kernel: x86/mm: Memory block size: 128MB
Apr 10 01:43:52 porteus kernel: random: get_random_u32 called from 0xffffffff813c03fd with crng_init=0
Apr 10 01:43:52 porteus kernel: PM: Registering ACPI NVS region [mem 0x0a200000-0x0a20afff] (45056 bytes)
Apr 10 01:43:52 porteus kernel: PM: Registering ACPI NVS region [mem 0xdbd42000-0xdc14cfff] (4239360 bytes)
Apr 10 01:43:52 porteus kernel: clocksource: jiffies: mask: 0xffffffff max_cycles: 0xffffffff, max_idle_ns: 1911260446275000 ns
Apr 10 01:43:52 porteus kernel: futex hash table entries: 8192 (order: 7, 524288 bytes, linear)
Apr 10 01:43:52 porteus kernel: pinctrl core: initialized pinctrl subsystem
Apr 10 01:43:52 porteus kernel: NET: Registered protocol family 16
Apr 10 01:43:52 porteus kernel: thermal_sys: Registered thermal governor 'bang_bang'
Apr 10 01:43:52 porteus kernel: thermal_sys: Registered thermal governor 'step_wise'
Apr 10 01:43:52 porteus kernel: thermal_sys: Registered thermal governor 'user_space'
Apr 10 01:43:52 porteus kernel: cpuidle: using governor ladder
Apr 10 01:43:52 porteus kernel: cpuidle: using governor menu
Apr 10 01:43:52 porteus kernel: ACPI: bus type PCI registered
Apr 10 01:43:52 porteus kernel: acpiphp: ACPI Hot Plug PCI Controller Driver version: 0.5
Apr 10 01:43:52 porteus kernel: PCI: MMCONFIG for domain 0000 [bus 00-3f] at [mem 0xf8000000-0xfbffffff] (base 0xf8000000)
Apr 10 01:43:52 porteus kernel: PCI: MMCONFIG at [mem 0xf8000000-0xfbffffff] reserved in E820
Apr 10 01:43:52 porteus kernel: PCI: Using configuration type 1 for base access
Apr 10 01:43:52 porteus kernel: raid6: skip pq benchmark and using algorithm avx2x4
Apr 10 01:43:52 porteus kernel: raid6: using avx2x2 recovery algorithm
Apr 10 01:43:52 porteus kernel: ACPI: Added _OSI(Module Device)
Apr 10 01:43:52 porteus kernel: ACPI: Added _OSI(Processor Device)
Apr 10 01:43:52 porteus kernel: ACPI: Added _OSI(3.0 _SCP Extensions)
Apr 10 01:43:52 porteus kernel: ACPI: Added _OSI(Processor Aggregator Device)
Apr 10 01:43:52 porteus kernel: ACPI: Added _OSI(Linux-Dell-Video)
Apr 10 01:43:52 porteus kernel: ACPI: Added _OSI(Linux-Lenovo-NV-HDMI-Audio)
Apr 10 01:43:52 porteus kernel: ACPI: Added _OSI(Linux-HPI-Hybrid-Graphics)
Apr 10 01:43:52 porteus kernel: ACPI: 8 ACPI AML tables successfully acquired and loaded
Apr 10 01:43:52 porteus kernel: ACPI: [Firmware Bug]: BIOS _OSI(Linux) query ignored
Apr 10 01:43:52 porteus kernel: ACPI: Interpreter enabled
Apr 10 01:43:52 porteus kernel: ACPI: (supports S0 S3 S4 S5)
Apr 10 01:43:52 porteus kernel: ACPI: Using IOAPIC for interrupt routing
Apr 10 01:43:52 porteus kernel: PCI: Using host bridge windows from ACPI; if necessary, use "pci=nocrs" and report a bug
Apr 10 01:43:52 porteus kernel: ACPI: Enabled 2 GPEs in block 00 to 1F
Apr 10 01:43:52 porteus kernel: ACPI: PCI Root Bridge [PCI0] (domain 0000 [bus 00-ff])
Apr 10 01:43:52 porteus kernel: acpi PNP0A08:00: _OSC: OS supports [ExtendedConfig ASPM ClockPM Segments MSI HPX-Type3]
Apr 10 01:43:52 porteus kernel: acpi PNP0A08:00: _OSC: platform does not support [LTR]
Apr 10 01:43:52 porteus kernel: acpi PNP0A08:00: _OSC: OS now controls [PCIeHotplug PME PCIeCapability]
Apr 10 01:43:52 porteus kernel: acpi PNP0A08:00: [Firmware Info]: MMCONFIG for domain 0000 [bus 00-3f] only partially covers this bridge
Apr 10 01:43:52 porteus kernel: PCI host bridge to bus 0000:00
Apr 10 01:43:52 porteus kernel: pci_bus 0000:00: root bus resource [io  0x0000-0x03af window]
Apr 10 01:43:52 porteus kernel: pci_bus 0000:00: root bus resource [io  0x03e0-0x0cf7 window]
Apr 10 01:43:52 porteus kernel: pci_bus 0000:00: root bus resource [io  0x03b0-0x03df window]
Apr 10 01:43:52 porteus kernel: pci_bus 0000:00: root bus resource [io  0x0d00-0xffff window]
Apr 10 01:43:52 porteus kernel: pci_bus 0000:00: root bus resource [mem 0x000a0000-0x000bffff window]
Apr 10 01:43:52 porteus kernel: pci_bus 0000:00: root bus resource [mem 0x000c0000-0x000dffff window]
Apr 10 01:43:52 porteus kernel: pci_bus 0000:00: root bus resource [mem 0xe0000000-0xfec2ffff window]
Apr 10 01:43:52 porteus kernel: pci_bus 0000:00: root bus resource [mem 0xfee00000-0xffffffff window]
Apr 10 01:43:52 porteus kernel: pci_bus 0000:00: root bus resource [bus 00-ff]
Apr 10 01:43:52 porteus kernel: pci 0000:00:00.0: [1022:1450] type 00 class 0x060000
Apr 10 01:43:52 porteus kernel: pci 0000:00:01.0: [1022:1452] type 00 class 0x060000
Apr 10 01:43:52 porteus kernel: pci 0000:00:01.3: [1022:1453] type 01 class 0x060400
Apr 10 01:43:52 porteus kernel: pci 0000:00:01.3: enabling Extended Tags
Apr 10 01:43:52 porteus kernel: pci 0000:00:01.3: PME# supported from D0 D3hot D3cold
Apr 10 01:43:52 porteus kernel: pci 0000:00:02.0: [1022:1452] type 00 class 0x060000
Apr 10 01:43:52 porteus kernel: pci 0000:00:03.0: [1022:1452] type 00 class 0x060000
Apr 10 01:43:52 porteus kernel: pci 0000:00:03.1: [1022:1453] type 01 class 0x060400
Apr 10 01:43:52 porteus kernel: pci 0000:00:03.1: PME# supported from D0 D3hot D3cold
Apr 10 01:43:52 porteus kernel: pci 0000:00:04.0: [1022:1452] type 00 class 0x060000
Apr 10 01:43:52 porteus kernel: pci 0000:00:07.0: [1022:1452] type 00 class 0x060000
Apr 10 01:43:52 porteus kernel: pci 0000:00:07.1: [1022:1454] type 01 class 0x060400
Apr 10 01:43:52 porteus kernel: pci 0000:00:07.1: enabling Extended Tags
Apr 10 01:43:52 porteus kernel: pci 0000:00:07.1: PME# supported from D0 D3hot D3cold
Apr 10 01:43:52 porteus kernel: pci 0000:00:08.0: [1022:1452] type 00 class 0x060000
Apr 10 01:43:52 porteus kernel: pci 0000:00:08.1: [1022:1454] type 01 class 0x060400
Apr 10 01:43:52 porteus kernel: pci 0000:00:08.1: enabling Extended Tags
Apr 10 01:43:52 porteus kernel: pci 0000:00:08.1: PME# supported from D0 D3hot D3cold
Apr 10 01:43:52 porteus kernel: pci 0000:00:14.0: [1022:790b] type 00 class 0x0c0500
Apr 10 01:43:52 porteus kernel: pci 0000:00:14.3: [1022:790e] type 00 class 0x060100
Apr 10 01:43:52 porteus kernel: pci 0000:00:18.0: [1022:1460] type 00 class 0x060000
Apr 10 01:43:52 porteus kernel: pci 0000:00:18.1: [1022:1461] type 00 class 0x060000
Apr 10 01:43:52 porteus kernel: pci 0000:00:18.2: [1022:1462] type 00 class 0x060000
Apr 10 01:43:52 porteus kernel: pci 0000:00:18.3: [1022:1463] type 00 class 0x060000
Apr 10 01:43:52 porteus kernel: pci 0000:00:18.4: [1022:1464] type 00 class 0x060000
Apr 10 01:43:52 porteus kernel: pci 0000:00:18.5: [1022:1465] type 00 class 0x060000
Apr 10 01:43:52 porteus kernel: pci 0000:00:18.6: [1022:1466] type 00 class 0x060000
Apr 10 01:43:52 porteus kernel: pci 0000:00:18.7: [1022:1467] type 00 class 0x060000
Apr 10 01:43:52 porteus kernel: pci 0000:01:00.0: [1022:43bc] type 00 class 0x0c0330
Apr 10 01:43:52 porteus kernel: pci 0000:01:00.0: reg 0x10: [mem 0xf76a0000-0xf76a7fff 64bit]
Apr 10 01:43:52 porteus kernel: pci 0000:01:00.0: enabling Extended Tags
Apr 10 01:43:52 porteus kernel: pci 0000:01:00.0: PME# supported from D3hot D3cold
Apr 10 01:43:52 porteus kernel: pci 0000:01:00.1: [1022:43b8] type 00 class 0x010601
Apr 10 01:43:52 porteus kernel: pci 0000:01:00.1: reg 0x24: [mem 0xf7680000-0xf769ffff]
Apr 10 01:43:52 porteus kernel: pci 0000:01:00.1: reg 0x30: [mem 0xf7600000-0xf767ffff pref]
Apr 10 01:43:52 porteus kernel: pci 0000:01:00.1: enabling Extended Tags
Apr 10 01:43:52 porteus kernel: pci 0000:01:00.1: PME# supported from D3hot D3cold
Apr 10 01:43:52 porteus kernel: pci 0000:01:00.2: [1022:43b3] type 01 class 0x060400
Apr 10 01:43:52 porteus kernel: pci 0000:01:00.2: enabling Extended Tags
Apr 10 01:43:52 porteus kernel: pci 0000:01:00.2: PME# supported from D3hot D3cold
Apr 10 01:43:52 porteus kernel: pci 0000:00:01.3: PCI bridge to [bus 01-05]
Apr 10 01:43:52 porteus kernel: pci 0000:00:01.3:   bridge window [io  0xf000-0xffff]
Apr 10 01:43:52 porteus kernel: pci 0000:00:01.3:   bridge window [mem 0xf7500000-0xf76fffff]
Apr 10 01:43:52 porteus kernel: pci 0000:00:01.3:   bridge window [mem 0xf2100000-0xf21fffff 64bit pref]
Apr 10 01:43:52 porteus kernel: pci 0000:02:04.0: [1022:43b4] type 01 class 0x060400
Apr 10 01:43:52 porteus kernel: pci 0000:02:04.0: enabling Extended Tags
Apr 10 01:43:52 porteus kernel: pci 0000:02:04.0: PME# supported from D3hot D3cold
Apr 10 01:43:52 porteus kernel: pci 0000:02:06.0: [1022:43b4] type 01 class 0x060400
Apr 10 01:43:52 porteus kernel: pci 0000:02:06.0: enabling Extended Tags
Apr 10 01:43:52 porteus kernel: pci 0000:02:06.0: PME# supported from D3hot D3cold
Apr 10 01:43:52 porteus kernel: pci 0000:02:07.0: [1022:43b4] type 01 class 0x060400
Apr 10 01:43:52 porteus kernel: pci 0000:02:07.0: enabling Extended Tags
Apr 10 01:43:52 porteus kernel: pci 0000:02:07.0: PME# supported from D3hot D3cold
Apr 10 01:43:52 porteus kernel: pci 0000:01:00.2: PCI bridge to [bus 02-05]
Apr 10 01:43:52 porteus kernel: pci 0000:01:00.2:   bridge window [io  0xf000-0xffff]
Apr 10 01:43:52 porteus kernel: pci 0000:01:00.2:   bridge window [mem 0xf7500000-0xf75fffff]
Apr 10 01:43:52 porteus kernel: pci 0000:01:00.2:   bridge window [mem 0xf2100000-0xf21fffff 64bit pref]
Apr 10 01:43:52 porteus kernel: pci 0000:02:04.0: PCI bridge to [bus 03]
Apr 10 01:43:52 porteus kernel: pci 0000:02:06.0: PCI bridge to [bus 04]
Apr 10 01:43:52 porteus kernel: pci 0000:05:00.0: [10ec:8168] type 00 class 0x020000
Apr 10 01:43:52 porteus kernel: pci 0000:05:00.0: reg 0x10: [io  0xf000-0xf0ff]
Apr 10 01:43:52 porteus kernel: pci 0000:05:00.0: reg 0x18: [mem 0xf7500000-0xf7500fff 64bit]
Apr 10 01:43:52 porteus kernel: pci 0000:05:00.0: reg 0x20: [mem 0xf2100000-0xf2103fff 64bit pref]
Apr 10 01:43:52 porteus kernel: pci 0000:05:00.0: supports D1 D2
Apr 10 01:43:52 porteus kernel: pci 0000:05:00.0: PME# supported from D0 D1 D2 D3hot D3cold
Apr 10 01:43:52 porteus kernel: pci 0000:02:07.0: PCI bridge to [bus 05]
Apr 10 01:43:52 porteus kernel: pci 0000:02:07.0:   bridge window [io  0xf000-0xffff]
Apr 10 01:43:52 porteus kernel: pci 0000:02:07.0:   bridge window [mem 0xf7500000-0xf75fffff]
Apr 10 01:43:52 porteus kernel: pci 0000:02:07.0:   bridge window [mem 0xf2100000-0xf21fffff 64bit pref]
Apr 10 01:43:52 porteus kernel: pci 0000:06:00.0: [10de:13c2] type 00 class 0x030000
Apr 10 01:43:52 porteus kernel: pci 0000:06:00.0: reg 0x10: [mem 0xf6000000-0xf6ffffff]
Apr 10 01:43:52 porteus kernel: pci 0000:06:00.0: reg 0x14: [mem 0xe0000000-0xefffffff 64bit pref]
Apr 10 01:43:52 porteus kernel: pci 0000:06:00.0: reg 0x1c: [mem 0xf0000000-0xf1ffffff 64bit pref]
Apr 10 01:43:52 porteus kernel: pci 0000:06:00.0: reg 0x24: [io  0xe000-0xe07f]
Apr 10 01:43:52 porteus kernel: pci 0000:06:00.0: reg 0x30: [mem 0xf7000000-0xf707ffff pref]
Apr 10 01:43:52 porteus kernel: pci 0000:06:00.0: 32.000 Gb/s available PCIe bandwidth, limited by 2.5 GT/s PCIe x16 link at 0000:00:03.1 (capable of 126.016 Gb/s with 8.0 GT/s PCIe x16 link)
Apr 10 01:43:52 porteus kernel: pci 0000:06:00.1: [10de:0fbb] type 00 class 0x040300
Apr 10 01:43:52 porteus kernel: pci 0000:06:00.1: reg 0x10: [mem 0xf7080000-0xf7083fff]
Apr 10 01:43:52 porteus kernel: pci 0000:00:03.1: ASPM: current common clock configuration is inconsistent, reconfiguring
Apr 10 01:43:52 porteus kernel: pci 0000:00:03.1: PCI bridge to [bus 06]
Apr 10 01:43:52 porteus kernel: pci 0000:00:03.1:   bridge window [io  0xe000-0xefff]
Apr 10 01:43:52 porteus kernel: pci 0000:00:03.1:   bridge window [mem 0xf6000000-0xf70fffff]
Apr 10 01:43:52 porteus kernel: pci 0000:00:03.1:   bridge window [mem 0xe0000000-0xf1ffffff 64bit pref]
Apr 10 01:43:52 porteus kernel: pci 0000:07:00.0: [1022:145a] type 00 class 0x130000
Apr 10 01:43:52 porteus kernel: pci 0000:07:00.0: enabling Extended Tags
Apr 10 01:43:52 porteus kernel: pci 0000:07:00.2: [1022:1456] type 00 class 0x108000
Apr 10 01:43:52 porteus kernel: pci 0000:07:00.2: reg 0x18: [mem 0xf7300000-0xf73fffff]
Apr 10 01:43:52 porteus kernel: pci 0000:07:00.2: reg 0x24: [mem 0xf7400000-0xf7401fff]
Apr 10 01:43:52 porteus kernel: pci 0000:07:00.2: enabling Extended Tags
Apr 10 01:43:52 porteus kernel: pci 0000:07:00.3: [1022:145c] type 00 class 0x0c0330
Apr 10 01:43:52 porteus kernel: pci 0000:07:00.3: reg 0x10: [mem 0xf7200000-0xf72fffff 64bit]
Apr 10 01:43:52 porteus kernel: pci 0000:07:00.3: enabling Extended Tags
Apr 10 01:43:52 porteus kernel: pci 0000:07:00.3: PME# supported from D0 D3hot D3cold
Apr 10 01:43:52 porteus kernel: pci 0000:00:07.1: PCI bridge to [bus 07]
Apr 10 01:43:52 porteus kernel: pci 0000:00:07.1:   bridge window [mem 0xf7200000-0xf74fffff]
Apr 10 01:43:52 porteus kernel: pci 0000:08:00.0: [1022:1455] type 00 class 0x130000
Apr 10 01:43:52 porteus kernel: pci 0000:08:00.0: enabling Extended Tags
Apr 10 01:43:52 porteus kernel: pci 0000:08:00.2: [1022:7901] type 00 class 0x010601
Apr 10 01:43:52 porteus kernel: pci 0000:08:00.2: reg 0x24: [mem 0xf7708000-0xf7708fff]
Apr 10 01:43:52 porteus kernel: pci 0000:08:00.2: enabling Extended Tags
Apr 10 01:43:52 porteus kernel: pci 0000:08:00.2: PME# supported from D3hot D3cold
Apr 10 01:43:52 porteus kernel: pci 0000:08:00.3: [1022:1457] type 00 class 0x040300
Apr 10 01:43:52 porteus kernel: pci 0000:08:00.3: reg 0x10: [mem 0xf7700000-0xf7707fff]
Apr 10 01:43:52 porteus kernel: pci 0000:08:00.3: enabling Extended Tags
Apr 10 01:43:52 porteus kernel: pci 0000:08:00.3: PME# supported from D0 D3hot D3cold
Apr 10 01:43:52 porteus kernel: pci 0000:00:08.1: PCI bridge to [bus 08]
Apr 10 01:43:52 porteus kernel: pci 0000:00:08.1:   bridge window [mem 0xf7700000-0xf77fffff]
Apr 10 01:43:52 porteus kernel: ACPI: PCI Interrupt Link [LNKA] (IRQs 4 5 7 10 11 14 15) *0
Apr 10 01:43:52 porteus kernel: ACPI: PCI Interrupt Link [LNKB] (IRQs 4 5 7 10 11 14 15) *0
Apr 10 01:43:52 porteus kernel: ACPI: PCI Interrupt Link [LNKC] (IRQs 4 5 7 10 11 14 15) *0
Apr 10 01:43:52 porteus kernel: ACPI: PCI Interrupt Link [LNKD] (IRQs 4 5 7 10 11 14 15) *0
Apr 10 01:43:52 porteus kernel: ACPI: PCI Interrupt Link [LNKE] (IRQs 4 5 7 10 11 14 15) *0
Apr 10 01:43:52 porteus kernel: ACPI: PCI Interrupt Link [LNKF] (IRQs 4 5 7 10 11 14 15) *0
Apr 10 01:43:52 porteus kernel: ACPI: PCI Interrupt Link [LNKG] (IRQs 4 5 7 10 11 14 15) *0
Apr 10 01:43:52 porteus kernel: ACPI: PCI Interrupt Link [LNKH] (IRQs 4 5 7 10 11 14 15) *0
Apr 10 01:43:52 porteus kernel: iommu: Default domain type: Translated 
Apr 10 01:43:52 porteus kernel: pci 0000:06:00.0: vgaarb: setting as boot VGA device
Apr 10 01:43:52 porteus kernel: pci 0000:06:00.0: vgaarb: VGA device added: decodes=io+mem,owns=io+mem,locks=none
Apr 10 01:43:52 porteus kernel: pci 0000:06:00.0: vgaarb: bridge control possible
Apr 10 01:43:52 porteus kernel: vgaarb: loaded
Apr 10 01:43:52 porteus kernel: SCSI subsystem initialized
Apr 10 01:43:52 porteus kernel: ACPI: bus type USB registered
Apr 10 01:43:52 porteus kernel: usbcore: registered new interface driver usbfs
Apr 10 01:43:52 porteus kernel: usbcore: registered new interface driver hub
Apr 10 01:43:52 porteus kernel: usbcore: registered new device driver usb
Apr 10 01:43:52 porteus kernel: mc: Linux media interface: v0.10
Apr 10 01:43:52 porteus kernel: videodev: Linux video capture interface: v2.00
Apr 10 01:43:52 porteus kernel: pps_core: LinuxPPS API ver. 1 registered
Apr 10 01:43:52 porteus kernel: pps_core: Software ver. 5.3.6 - Copyright 2005-2007 Rodolfo Giometti <giometti@linux.it>
Apr 10 01:43:52 porteus kernel: PTP clock support registered
Apr 10 01:43:52 porteus kernel: Advanced Linux Sound Architecture Driver Initialized.
Apr 10 01:43:52 porteus kernel: PCI: Using ACPI for IRQ routing
Apr 10 01:43:52 porteus kernel: hpet0: at MMIO 0xfed00000, IRQs 2, 8, 0
Apr 10 01:43:52 porteus kernel: hpet0: 3 comparators, 32-bit 14.318180 MHz counter
Apr 10 01:43:52 porteus kernel: clocksource: Switched to clocksource tsc-early
Apr 10 01:43:52 porteus kernel: pnp: PnP ACPI init
Apr 10 01:43:52 porteus kernel: system 00:00: [mem 0xf8000000-0xfbffffff] has been reserved
Apr 10 01:43:52 porteus kernel: system 00:01: [mem 0xfeb80000-0xfebfffff] has been reserved
Apr 10 01:43:52 porteus kernel: system 00:03: [io  0x0280-0x028f] has been reserved
Apr 10 01:43:52 porteus kernel: system 00:03: [io  0x0290-0x029f] has been reserved
Apr 10 01:43:52 porteus kernel: system 00:03: [io  0x02a0-0x02af] has been reserved
Apr 10 01:43:52 porteus kernel: system 00:03: [io  0x02b0-0x02bf] has been reserved
Apr 10 01:43:52 porteus kernel: system 00:04: [io  0x04d0-0x04d1] has been reserved
Apr 10 01:43:52 porteus kernel: system 00:04: [io  0x040b] has been reserved
Apr 10 01:43:52 porteus kernel: system 00:04: [io  0x04d6] has been reserved
Apr 10 01:43:52 porteus kernel: system 00:04: [io  0x0c00-0x0c01] has been reserved
Apr 10 01:43:52 porteus kernel: system 00:04: [io  0x0c14] has been reserved
Apr 10 01:43:52 porteus kernel: system 00:04: [io  0x0c50-0x0c51] has been reserved
Apr 10 01:43:52 porteus kernel: system 00:04: [io  0x0c52] has been reserved
Apr 10 01:43:52 porteus kernel: system 00:04: [io  0x0c6c] has been reserved
Apr 10 01:43:52 porteus kernel: system 00:04: [io  0x0c6f] has been reserved
Apr 10 01:43:52 porteus kernel: system 00:04: [io  0x0cd0-0x0cd1] has been reserved
Apr 10 01:43:52 porteus kernel: system 00:04: [io  0x0cd2-0x0cd3] has been reserved
Apr 10 01:43:52 porteus kernel: system 00:04: [io  0x0cd4-0x0cd5] has been reserved
Apr 10 01:43:52 porteus kernel: system 00:04: [io  0x0cd6-0x0cd7] has been reserved
Apr 10 01:43:52 porteus kernel: system 00:04: [io  0x0cd8-0x0cdf] has been reserved
Apr 10 01:43:52 porteus kernel: system 00:04: [io  0x0800-0x089f] has been reserved
Apr 10 01:43:52 porteus kernel: system 00:04: [io  0x0b00-0x0b0f] has been reserved
Apr 10 01:43:52 porteus kernel: system 00:04: [io  0x0b20-0x0b3f] has been reserved
Apr 10 01:43:52 porteus kernel: system 00:04: [io  0x0900-0x090f] has been reserved
Apr 10 01:43:52 porteus kernel: system 00:04: [io  0x0910-0x091f] has been reserved
Apr 10 01:43:52 porteus kernel: system 00:04: [mem 0xfec00000-0xfec00fff] could not be reserved
Apr 10 01:43:52 porteus kernel: system 00:04: [mem 0xfec01000-0xfec01fff] could not be reserved
Apr 10 01:43:52 porteus kernel: system 00:04: [mem 0xfedc0000-0xfedc0fff] has been reserved
Apr 10 01:43:52 porteus kernel: system 00:04: [mem 0xfee00000-0xfee00fff] has been reserved
Apr 10 01:43:52 porteus kernel: system 00:04: [mem 0xfed80000-0xfed8ffff] could not be reserved
Apr 10 01:43:52 porteus kernel: system 00:04: [mem 0xfec10000-0xfec10fff] has been reserved
Apr 10 01:43:52 porteus kernel: system 00:04: [mem 0xff000000-0xffffffff] has been reserved
Apr 10 01:43:52 porteus kernel: pnp: PnP ACPI: found 5 devices
Apr 10 01:43:52 porteus kernel: clocksource: acpi_pm: mask: 0xffffff max_cycles: 0xffffff, max_idle_ns: 2085701024 ns
Apr 10 01:43:52 porteus kernel: NET: Registered protocol family 2
Apr 10 01:43:52 porteus kernel: IP idents hash table entries: 262144 (order: 9, 2097152 bytes, linear)
Apr 10 01:43:52 porteus kernel: tcp_listen_portaddr_hash hash table entries: 8192 (order: 5, 131072 bytes, linear)
Apr 10 01:43:52 porteus kernel: TCP established hash table entries: 131072 (order: 8, 1048576 bytes, linear)
Apr 10 01:43:52 porteus kernel: TCP bind hash table entries: 65536 (order: 8, 1048576 bytes, linear)
Apr 10 01:43:52 porteus kernel: TCP: Hash tables configured (established 131072 bind 65536)
Apr 10 01:43:52 porteus kernel: UDP hash table entries: 8192 (order: 6, 262144 bytes, linear)
Apr 10 01:43:52 porteus kernel: UDP-Lite hash table entries: 8192 (order: 6, 262144 bytes, linear)
Apr 10 01:43:52 porteus kernel: NET: Registered protocol family 1
Apr 10 01:43:52 porteus kernel: pci 0000:02:04.0: PCI bridge to [bus 03]
Apr 10 01:43:52 porteus kernel: pci 0000:02:06.0: PCI bridge to [bus 04]
Apr 10 01:43:52 porteus kernel: pci 0000:02:07.0: PCI bridge to [bus 05]
Apr 10 01:43:52 porteus kernel: pci 0000:02:07.0:   bridge window [io  0xf000-0xffff]
Apr 10 01:43:52 porteus kernel: pci 0000:02:07.0:   bridge window [mem 0xf7500000-0xf75fffff]
Apr 10 01:43:52 porteus kernel: pci 0000:02:07.0:   bridge window [mem 0xf2100000-0xf21fffff 64bit pref]
Apr 10 01:43:52 porteus kernel: pci 0000:01:00.2: PCI bridge to [bus 02-05]
Apr 10 01:43:52 porteus kernel: pci 0000:01:00.2:   bridge window [io  0xf000-0xffff]
Apr 10 01:43:52 porteus kernel: pci 0000:01:00.2:   bridge window [mem 0xf7500000-0xf75fffff]
Apr 10 01:43:52 porteus kernel: pci 0000:01:00.2:   bridge window [mem 0xf2100000-0xf21fffff 64bit pref]
Apr 10 01:43:52 porteus kernel: pci 0000:00:01.3: PCI bridge to [bus 01-05]
Apr 10 01:43:52 porteus kernel: pci 0000:00:01.3:   bridge window [io  0xf000-0xffff]
Apr 10 01:43:52 porteus kernel: pci 0000:00:01.3:   bridge window [mem 0xf7500000-0xf76fffff]
Apr 10 01:43:52 porteus kernel: pci 0000:00:01.3:   bridge window [mem 0xf2100000-0xf21fffff 64bit pref]
Apr 10 01:43:52 porteus kernel: pci 0000:00:03.1: PCI bridge to [bus 06]
Apr 10 01:43:52 porteus kernel: pci 0000:00:03.1:   bridge window [io  0xe000-0xefff]
Apr 10 01:43:52 porteus kernel: pci 0000:00:03.1:   bridge window [mem 0xf6000000-0xf70fffff]
Apr 10 01:43:52 porteus kernel: pci 0000:00:03.1:   bridge window [mem 0xe0000000-0xf1ffffff 64bit pref]
Apr 10 01:43:52 porteus kernel: pci 0000:00:07.1: PCI bridge to [bus 07]
Apr 10 01:43:52 porteus kernel: pci 0000:00:07.1:   bridge window [mem 0xf7200000-0xf74fffff]
Apr 10 01:43:52 porteus kernel: pci 0000:00:08.1: PCI bridge to [bus 08]
Apr 10 01:43:52 porteus kernel: pci 0000:00:08.1:   bridge window [mem 0xf7700000-0xf77fffff]
Apr 10 01:43:52 porteus kernel: pci_bus 0000:00: resource 4 [io  0x0000-0x03af window]
Apr 10 01:43:52 porteus kernel: pci_bus 0000:00: resource 5 [io  0x03e0-0x0cf7 window]
Apr 10 01:43:52 porteus kernel: pci_bus 0000:00: resource 6 [io  0x03b0-0x03df window]
Apr 10 01:43:52 porteus kernel: pci_bus 0000:00: resource 7 [io  0x0d00-0xffff window]
Apr 10 01:43:52 porteus kernel: pci_bus 0000:00: resource 8 [mem 0x000a0000-0x000bffff window]
Apr 10 01:43:52 porteus kernel: pci_bus 0000:00: resource 9 [mem 0x000c0000-0x000dffff window]
Apr 10 01:43:52 porteus kernel: pci_bus 0000:00: resource 10 [mem 0xe0000000-0xfec2ffff window]
Apr 10 01:43:52 porteus kernel: pci_bus 0000:00: resource 11 [mem 0xfee00000-0xffffffff window]
Apr 10 01:43:52 porteus kernel: pci_bus 0000:01: resource 0 [io  0xf000-0xffff]
Apr 10 01:43:52 porteus kernel: pci_bus 0000:01: resource 1 [mem 0xf7500000-0xf76fffff]
Apr 10 01:43:52 porteus kernel: pci_bus 0000:01: resource 2 [mem 0xf2100000-0xf21fffff 64bit pref]
Apr 10 01:43:52 porteus kernel: pci_bus 0000:02: resource 0 [io  0xf000-0xffff]
Apr 10 01:43:52 porteus kernel: pci_bus 0000:02: resource 1 [mem 0xf7500000-0xf75fffff]
Apr 10 01:43:52 porteus kernel: pci_bus 0000:02: resource 2 [mem 0xf2100000-0xf21fffff 64bit pref]
Apr 10 01:43:52 porteus kernel: pci_bus 0000:05: resource 0 [io  0xf000-0xffff]
Apr 10 01:43:52 porteus kernel: pci_bus 0000:05: resource 1 [mem 0xf7500000-0xf75fffff]
Apr 10 01:43:52 porteus kernel: pci_bus 0000:05: resource 2 [mem 0xf2100000-0xf21fffff 64bit pref]
Apr 10 01:43:52 porteus kernel: pci_bus 0000:06: resource 0 [io  0xe000-0xefff]
Apr 10 01:43:52 porteus kernel: pci_bus 0000:06: resource 1 [mem 0xf6000000-0xf70fffff]
Apr 10 01:43:52 porteus kernel: pci_bus 0000:06: resource 2 [mem 0xe0000000-0xf1ffffff 64bit pref]
Apr 10 01:43:52 porteus kernel: pci_bus 0000:07: resource 1 [mem 0xf7200000-0xf74fffff]
Apr 10 01:43:52 porteus kernel: pci_bus 0000:08: resource 1 [mem 0xf7700000-0xf77fffff]
Apr 10 01:43:52 porteus kernel: pci 0000:06:00.0: Video device with shadowed ROM at [mem 0x000c0000-0x000dffff]
Apr 10 01:43:52 porteus kernel: pci 0000:06:00.1: D0 power state depends on 0000:06:00.0
Apr 10 01:43:52 porteus kernel: PCI: CLS 64 bytes, default 64
Apr 10 01:43:52 porteus kernel: Unpacking initramfs...
Apr 10 01:43:52 porteus kernel: Freeing initrd memory: 1128K
Apr 10 01:43:52 porteus kernel: PCI-DMA: Using software bounce buffering for IO (SWIOTLB)
Apr 10 01:43:52 porteus kernel: software IO TLB: mapped [mem 0x00000000d66b2000-0x00000000da6b2000] (64MB)
Apr 10 01:43:52 porteus kernel: amd_uncore: 4  amd_df counters detected
Apr 10 01:43:52 porteus kernel: amd_uncore: 6  amd_l3 counters detected
Apr 10 01:43:52 porteus kernel: Initialise system trusted keyrings
Apr 10 01:43:52 porteus kernel: workingset: timestamp_bits=56 max_order=22 bucket_order=0
Apr 10 01:43:52 porteus kernel: squashfs: version 4.0 (2009/01/31) Phillip Lougher
Apr 10 01:43:52 porteus kernel: ntfs: driver 2.1.32 [Flags: R/W].
Apr 10 01:43:52 porteus kernel: fuse: init (API version 7.33)
Apr 10 01:43:52 porteus kernel: SGI XFS with ACLs, security attributes, realtime, no debug enabled
Apr 10 01:43:52 porteus kernel: aufs 5.12-20210517
Apr 10 01:43:52 porteus kernel: xor: automatically using best checksumming function   avx       
Apr 10 01:43:52 porteus kernel: Key type asymmetric registered
Apr 10 01:43:52 porteus kernel: Asymmetric key parser 'x509' registered
Apr 10 01:43:52 porteus kernel: Block layer SCSI generic (bsg) driver version 0.4 loaded (major 248)
Apr 10 01:43:52 porteus kernel: pcieport 0000:00:01.3: PME: Signaling with IRQ 25
Apr 10 01:43:52 porteus kernel: pcieport 0000:00:03.1: PME: Signaling with IRQ 26
Apr 10 01:43:52 porteus kernel: pcieport 0000:00:07.1: PME: Signaling with IRQ 27
Apr 10 01:43:52 porteus kernel: pcieport 0000:00:08.1: PME: Signaling with IRQ 29
Apr 10 01:43:52 porteus kernel: input: Power Button as /devices/LNXSYSTM:00/LNXSYBUS:00/PNP0C0C:00/input/input0
Apr 10 01:43:52 porteus kernel: ACPI: button: Power Button [PWRB]
Apr 10 01:43:52 porteus kernel: input: Power Button as /devices/LNXSYSTM:00/LNXPWRBN:00/input/input1
Apr 10 01:43:52 porteus kernel: ACPI: button: Power Button [PWRF]
Apr 10 01:43:52 porteus kernel: ACPI: \_PR_.C000: Found 2 idle states
Apr 10 01:43:52 porteus kernel: ACPI: \_PR_.C002: Found 2 idle states
Apr 10 01:43:52 porteus kernel: ACPI: \_PR_.C001: Found 2 idle states
Apr 10 01:43:52 porteus kernel: ACPI: \_PR_.C003: Found 2 idle states
Apr 10 01:43:52 porteus kernel: Linux agpgart interface v0.103
Apr 10 01:43:52 porteus kernel: loop: module loaded
Apr 10 01:43:52 porteus kernel: usbcore: registered new interface driver rtsx_usb
Apr 10 01:43:52 porteus kernel: ahci 0000:01:00.1: SSS flag set, parallel bus scan disabled
Apr 10 01:43:52 porteus kernel: ahci 0000:01:00.1: AHCI 0001.0301 32 slots 8 ports 6 Gbps 0x33 impl SATA mode
Apr 10 01:43:52 porteus kernel: ahci 0000:01:00.1: flags: 64bit ncq sntf stag pm led clo only pmp pio slum part sxs deso sadm sds apst 
Apr 10 01:43:52 porteus kernel: scsi host0: ahci
Apr 10 01:43:52 porteus kernel: scsi host1: ahci
Apr 10 01:43:52 porteus kernel: scsi host2: ahci
Apr 10 01:43:52 porteus kernel: scsi host3: ahci
Apr 10 01:43:52 porteus kernel: scsi host4: ahci
Apr 10 01:43:52 porteus kernel: scsi host5: ahci
Apr 10 01:43:52 porteus kernel: scsi host6: ahci
Apr 10 01:43:52 porteus kernel: scsi host7: ahci
Apr 10 01:43:52 porteus kernel: ata1: SATA max UDMA/133 abar m131072@0xf7680000 port 0xf7680100 irq 36
Apr 10 01:43:52 porteus kernel: ata2: SATA max UDMA/133 abar m131072@0xf7680000 port 0xf7680180 irq 36
Apr 10 01:43:52 porteus kernel: ata3: DUMMY
Apr 10 01:43:52 porteus kernel: ata4: DUMMY
Apr 10 01:43:52 porteus kernel: ata5: SATA max UDMA/133 abar m131072@0xf7680000 port 0xf7680300 irq 36
Apr 10 01:43:52 porteus kernel: ata6: SATA max UDMA/133 abar m131072@0xf7680000 port 0xf7680380 irq 36
Apr 10 01:43:52 porteus kernel: ata7: DUMMY
Apr 10 01:43:52 porteus kernel: ata8: DUMMY
Apr 10 01:43:52 porteus kernel: ahci 0000:08:00.2: AHCI 0001.0301 32 slots 1 ports 6 Gbps 0x1 impl SATA mode
Apr 10 01:43:52 porteus kernel: ahci 0000:08:00.2: flags: 64bit ncq sntf ilck pm led clo only pmp fbs pio slum part 
Apr 10 01:43:52 porteus kernel: scsi host8: ahci
Apr 10 01:43:52 porteus kernel: ata9: SATA max UDMA/133 abar m4096@0xf7708000 port 0xf7708100 irq 38
Apr 10 01:43:52 porteus kernel: Fusion MPT base driver 3.04.20
Apr 10 01:43:52 porteus kernel: Copyright (c) 1999-2008 LSI Corporation
Apr 10 01:43:52 porteus kernel: Fusion MPT SPI Host driver 3.04.20
Apr 10 01:43:52 porteus kernel: Fusion MPT SAS Host driver 3.04.20
Apr 10 01:43:52 porteus kernel: ehci_hcd: USB 2.0 'Enhanced' Host Controller (EHCI) Driver
Apr 10 01:43:52 porteus kernel: ehci-pci: EHCI PCI platform driver
Apr 10 01:43:52 porteus kernel: ehci-platform: EHCI generic platform driver
Apr 10 01:43:52 porteus kernel: ohci_hcd: USB 1.1 'Open' Host Controller (OHCI) Driver
Apr 10 01:43:52 porteus kernel: ohci-pci: OHCI PCI platform driver
Apr 10 01:43:52 porteus kernel: ohci-platform: OHCI generic platform driver
Apr 10 01:43:52 porteus kernel: uhci_hcd: USB Universal Host Controller Interface driver
Apr 10 01:43:52 porteus kernel: xhci_hcd 0000:01:00.0: xHCI Host Controller
Apr 10 01:43:52 porteus kernel: xhci_hcd 0000:01:00.0: new USB bus registered, assigned bus number 1
Apr 10 01:43:52 porteus kernel: xhci_hcd 0000:01:00.0: hcc params 0x0200ef81 hci version 0x110 quirks 0x0000000008000410
Apr 10 01:43:52 porteus kernel: usb usb1: New USB device found, idVendor=1d6b, idProduct=0002, bcdDevice= 5.12
Apr 10 01:43:52 porteus kernel: usb usb1: New USB device strings: Mfr=3, Product=2, SerialNumber=1
Apr 10 01:43:52 porteus kernel: usb usb1: Product: xHCI Host Controller
Apr 10 01:43:52 porteus kernel: usb usb1: Manufacturer: Linux 5.12.14-porteus xhci-hcd
Apr 10 01:43:52 porteus kernel: usb usb1: SerialNumber: 0000:01:00.0
Apr 10 01:43:52 porteus kernel: hub 1-0:1.0: USB hub found
Apr 10 01:43:52 porteus kernel: hub 1-0:1.0: 9 ports detected
Apr 10 01:43:52 porteus kernel: xhci_hcd 0000:01:00.0: xHCI Host Controller
Apr 10 01:43:52 porteus kernel: xhci_hcd 0000:01:00.0: new USB bus registered, assigned bus number 2
Apr 10 01:43:52 porteus kernel: xhci_hcd 0000:01:00.0: Host supports USB 3.1 Enhanced SuperSpeed
Apr 10 01:43:52 porteus kernel: usb usb2: We don't know the algorithms for LPM for this host, disabling LPM.
Apr 10 01:43:52 porteus kernel: usb usb2: New USB device found, idVendor=1d6b, idProduct=0003, bcdDevice= 5.12
Apr 10 01:43:52 porteus kernel: usb usb2: New USB device strings: Mfr=3, Product=2, SerialNumber=1
Apr 10 01:43:52 porteus kernel: usb usb2: Product: xHCI Host Controller
Apr 10 01:43:52 porteus kernel: usb usb2: Manufacturer: Linux 5.12.14-porteus xhci-hcd
Apr 10 01:43:52 porteus kernel: usb usb2: SerialNumber: 0000:01:00.0
Apr 10 01:43:52 porteus kernel: hub 2-0:1.0: USB hub found
Apr 10 01:43:52 porteus kernel: hub 2-0:1.0: 3 ports detected
Apr 10 01:43:52 porteus kernel: xhci_hcd 0000:07:00.3: xHCI Host Controller
Apr 10 01:43:52 porteus kernel: xhci_hcd 0000:07:00.3: new USB bus registered, assigned bus number 3
Apr 10 01:43:52 porteus kernel: xhci_hcd 0000:07:00.3: hcc params 0x0270f665 hci version 0x100 quirks 0x0000000040000410
Apr 10 01:43:52 porteus kernel: usb usb3: New USB device found, idVendor=1d6b, idProduct=0002, bcdDevice= 5.12
Apr 10 01:43:52 porteus kernel: usb usb3: New USB device strings: Mfr=3, Product=2, SerialNumber=1
Apr 10 01:43:52 porteus kernel: usb usb3: Product: xHCI Host Controller
Apr 10 01:43:52 porteus kernel: usb usb3: Manufacturer: Linux 5.12.14-porteus xhci-hcd
Apr 10 01:43:52 porteus kernel: usb usb3: SerialNumber: 0000:07:00.3
Apr 10 01:43:52 porteus kernel: hub 3-0:1.0: USB hub found
Apr 10 01:43:52 porteus kernel: hub 3-0:1.0: 4 ports detected
Apr 10 01:43:52 porteus kernel: xhci_hcd 0000:07:00.3: xHCI Host Controller
Apr 10 01:43:52 porteus kernel: xhci_hcd 0000:07:00.3: new USB bus registered, assigned bus number 4
Apr 10 01:43:52 porteus kernel: xhci_hcd 0000:07:00.3: Host supports USB 3.0 SuperSpeed
Apr 10 01:43:52 porteus kernel: usb usb4: We don't know the algorithms for LPM for this host, disabling LPM.
Apr 10 01:43:52 porteus kernel: usb usb4: New USB device found, idVendor=1d6b, idProduct=0003, bcdDevice= 5.12
Apr 10 01:43:52 porteus kernel: usb usb4: New USB device strings: Mfr=3, Product=2, SerialNumber=1
Apr 10 01:43:52 porteus kernel: usb usb4: Product: xHCI Host Controller
Apr 10 01:43:52 porteus kernel: usb usb4: Manufacturer: Linux 5.12.14-porteus xhci-hcd
Apr 10 01:43:52 porteus kernel: usb usb4: SerialNumber: 0000:07:00.3
Apr 10 01:43:52 porteus kernel: hub 4-0:1.0: USB hub found
Apr 10 01:43:52 porteus kernel: hub 4-0:1.0: 4 ports detected
Apr 10 01:43:52 porteus kernel: ehci-fsl: Freescale EHCI Host controller driver
Apr 10 01:43:52 porteus kernel: usbcore: registered new interface driver uas
Apr 10 01:43:52 porteus kernel: usbcore: registered new interface driver usb-storage
Apr 10 01:43:52 porteus kernel: usbcore: registered new interface driver ums-alauda
Apr 10 01:43:52 porteus kernel: usbcore: registered new interface driver ums-cypress
Apr 10 01:43:52 porteus kernel: usbcore: registered new interface driver ums-datafab
Apr 10 01:43:52 porteus kernel: usbcore: registered new interface driver ums_eneub6250
Apr 10 01:43:52 porteus kernel: usbcore: registered new interface driver ums-freecom
Apr 10 01:43:52 porteus kernel: usbcore: registered new interface driver ums-isd200
Apr 10 01:43:52 porteus kernel: usbcore: registered new interface driver ums-jumpshot
Apr 10 01:43:52 porteus kernel: usbcore: registered new interface driver ums-karma
Apr 10 01:43:52 porteus kernel: usbcore: registered new interface driver ums-onetouch
Apr 10 01:43:52 porteus kernel: usbcore: registered new interface driver ums-realtek
Apr 10 01:43:52 porteus kernel: usbcore: registered new interface driver ums-sddr09
Apr 10 01:43:52 porteus kernel: usbcore: registered new interface driver ums-sddr55
Apr 10 01:43:52 porteus kernel: usbcore: registered new interface driver ums-usbat
Apr 10 01:43:52 porteus kernel: i8042: PNP: No PS/2 controller found.
Apr 10 01:43:52 porteus kernel: mousedev: PS/2 mouse device common for all mice
Apr 10 01:43:52 porteus kernel: rtc_cmos 00:02: RTC can wake from S4
Apr 10 01:43:52 porteus kernel: rtc_cmos 00:02: registered as rtc0
Apr 10 01:43:52 porteus kernel: rtc_cmos 00:02: setting system clock to 2022-04-10T01:43:53 UTC (1649555033)
Apr 10 01:43:52 porteus kernel: rtc_cmos 00:02: alarms up to one month, y3k, 114 bytes nvram, hpet irqs
Apr 10 01:43:52 porteus kernel: sdhci: Secure Digital Host Controller Interface driver
Apr 10 01:43:52 porteus kernel: sdhci: Copyright(c) Pierre Ossman
Apr 10 01:43:52 porteus kernel: wbsd: Winbond W83L51xD SD/MMC card interface driver
Apr 10 01:43:52 porteus kernel: wbsd: Copyright(c) Pierre Ossman
Apr 10 01:43:52 porteus kernel: VUB300 Driver rom wait states = 1C irqpoll timeout = 0400
Apr 10 01:43:52 porteus kernel: usbcore: registered new interface driver vub300
Apr 10 01:43:52 porteus kernel: usbcore: registered new interface driver ushc
Apr 10 01:43:52 porteus kernel: sdhci-pltfm: SDHCI platform and OF driver helper
Apr 10 01:43:52 porteus kernel: hid: raw HID events driver (C) Jiri Kosina
Apr 10 01:43:52 porteus kernel: usbcore: registered new interface driver usbhid
Apr 10 01:43:52 porteus kernel: usbhid: USB HID core driver
Apr 10 01:43:52 porteus kernel: NET: Registered protocol family 17
Apr 10 01:43:52 porteus kernel: microcode: CPU0: patch_level=0x08001138
Apr 10 01:43:52 porteus kernel: microcode: CPU1: patch_level=0x08001138
Apr 10 01:43:52 porteus kernel: microcode: CPU2: patch_level=0x08001138
Apr 10 01:43:52 porteus kernel: microcode: CPU3: patch_level=0x08001138
Apr 10 01:43:52 porteus kernel: microcode: Microcode Update Driver: v2.2.
Apr 10 01:43:52 porteus kernel: IPI shorthand broadcast: enabled
Apr 10 01:43:52 porteus kernel: sched_clock: Marking stable (354914752, -7992214)->(368354227, -21431689)
Apr 10 01:43:52 porteus kernel: registered taskstats version 1
Apr 10 01:43:52 porteus kernel: Loading compiled-in X.509 certificates
Apr 10 01:43:52 porteus kernel: Loaded X.509 cert 'Build time autogenerated kernel key: 642bf0700bfb7ed1b3f7215d7453c5ebc842f047'
Apr 10 01:43:52 porteus kernel: Key type ._fscrypt registered
Apr 10 01:43:52 porteus kernel: Key type .fscrypt registered
Apr 10 01:43:52 porteus kernel: Key type fscrypt-provisioning registered
Apr 10 01:43:52 porteus kernel: Btrfs loaded, crc32c=crc32c-intel, zoned=no
Apr 10 01:43:52 porteus kernel: Key type encrypted registered
Apr 10 01:43:52 porteus kernel: ALSA device list:
Apr 10 01:43:52 porteus kernel:   No soundcards found.
Apr 10 01:43:52 porteus kernel: usb 3-1: new low-speed USB device number 2 using xhci_hcd
Apr 10 01:43:52 porteus kernel: ata1: SATA link down (SStatus 0 SControl 300)
Apr 10 01:43:52 porteus kernel: ata9: SATA link down (SStatus 0 SControl 300)
Apr 10 01:43:52 porteus kernel: usb 1-5: new high-speed USB device number 2 using xhci_hcd
Apr 10 01:43:52 porteus kernel: usb 1-5: New USB device found, idVendor=0781, idProduct=5581, bcdDevice= 1.00
Apr 10 01:43:52 porteus kernel: usb 1-5: New USB device strings: Mfr=1, Product=2, SerialNumber=3
Apr 10 01:43:52 porteus kernel: usb 1-5: Product:  SanDisk 3.2Gen1
Apr 10 01:43:52 porteus kernel: usb 1-5: Manufacturer:  USB
Apr 10 01:43:52 porteus kernel: usb 1-5: SerialNumber: 0101aca45d067a106c893431c678f1820e05f0e0f072ad41b7eb7bd4589b0bc36423000000000000000000002b2aed99ff9e150081558107cf2a9dcc
Apr 10 01:43:52 porteus kernel: usb 3-1: New USB device found, idVendor=17ef, idProduct=608c, bcdDevice= 2.18
Apr 10 01:43:52 porteus kernel: usb 3-1: New USB device strings: Mfr=1, Product=2, SerialNumber=0
Apr 10 01:43:52 porteus kernel: usb 3-1: Product: Lenovo Calliope USB Keyboard
Apr 10 01:43:52 porteus kernel: usb 3-1: Manufacturer: Lenovo
Apr 10 01:43:52 porteus kernel: usb-storage 1-5:1.0: USB Mass Storage device detected
Apr 10 01:43:52 porteus kernel: scsi host9: usb-storage 1-5:1.0
Apr 10 01:43:52 porteus kernel: ata2: SATA link down (SStatus 0 SControl 300)
Apr 10 01:43:52 porteus kernel: input: Lenovo Lenovo Calliope USB Keyboard as /devices/pci0000:00/0000:00:07.1/0000:07:00.3/usb3/3-1/3-1:1.0/0003:17EF:608C.0001/input/input2
Apr 10 01:43:53 porteus kernel: hid-generic 0003:17EF:608C.0001: input,hidraw0: USB HID v1.11 Keyboard [Lenovo Lenovo Calliope USB Keyboard] on usb-0000:07:00.3-1/input0
Apr 10 01:43:53 porteus kernel: input: Lenovo Lenovo Calliope USB Keyboard System Control as /devices/pci0000:00/0000:00:07.1/0000:07:00.3/usb3/3-1/3-1:1.1/0003:17EF:608C.0002/input/input3
Apr 10 01:43:53 porteus kernel: input: Lenovo Lenovo Calliope USB Keyboard Consumer Control as /devices/pci0000:00/0000:00:07.1/0000:07:00.3/usb3/3-1/3-1:1.1/0003:17EF:608C.0002/input/input4
Apr 10 01:43:53 porteus kernel: hid-generic 0003:17EF:608C.0002: input,hidraw1: USB HID v1.11 Device [Lenovo Lenovo Calliope USB Keyboard] on usb-0000:07:00.3-1/input1
Apr 10 01:43:53 porteus kernel: ata5: SATA link down (SStatus 0 SControl 300)
Apr 10 01:43:53 porteus kernel: usb 3-2: new low-speed USB device number 3 using xhci_hcd
Apr 10 01:43:53 porteus kernel: tsc: Refined TSC clocksource calibration: 3094.187 MHz
Apr 10 01:43:53 porteus kernel: clocksource: tsc: mask: 0xffffffffffffffff max_cycles: 0x2c99d3f920e, max_idle_ns: 440795207063 ns
Apr 10 01:43:53 porteus kernel: clocksource: Switched to clocksource tsc
Apr 10 01:43:53 porteus kernel: usb 3-2: New USB device found, idVendor=17ef, idProduct=608d, bcdDevice= 1.00
Apr 10 01:43:53 porteus kernel: usb 3-2: New USB device strings: Mfr=1, Product=2, SerialNumber=0
Apr 10 01:43:53 porteus kernel: usb 3-2: Product: lenovo USB Optical Mouse
Apr 10 01:43:53 porteus kernel: usb 3-2: Manufacturer: PixArt
Apr 10 01:43:53 porteus kernel: input: PixArt lenovo USB Optical Mouse as /devices/pci0000:00/0000:00:07.1/0000:07:00.3/usb3/3-2/3-2:1.0/0003:17EF:608D.0003/input/input5
Apr 10 01:43:53 porteus kernel: hid-generic 0003:17EF:608D.0003: input,hidraw2: USB HID v1.11 Mouse [PixArt lenovo USB Optical Mouse] on usb-0000:07:00.3-2/input0
Apr 10 01:43:53 porteus kernel: ata6: SATA link down (SStatus 0 SControl 300)
Apr 10 01:43:53 porteus kernel: Freeing unused kernel image (initmem) memory: 1016K
Apr 10 01:43:53 porteus kernel: Write protecting the kernel read-only data: 16384k
Apr 10 01:43:53 porteus kernel: Freeing unused kernel image (text/rodata gap) memory: 2044K
Apr 10 01:43:53 porteus kernel: Freeing unused kernel image (rodata/data gap) memory: 1860K
Apr 10 01:43:53 porteus kernel: rodata_test: all tests were successful
Apr 10 01:43:53 porteus kernel: Run /init as init process
Apr 10 01:43:53 porteus kernel: scsi 9:0:0:0: Direct-Access      USB      SanDisk 3.2Gen1 1.00 PQ: 0 ANSI: 6
Apr 10 01:43:53 porteus kernel: sd 9:0:0:0: [sda] 60088320 512-byte logical blocks: (30.8 GB/28.7 GiB)
Apr 10 01:43:53 porteus kernel: sd 9:0:0:0: [sda] Write Protect is off
Apr 10 01:43:53 porteus kernel: sd 9:0:0:0: [sda] Write cache: disabled, read cache: enabled, doesn't support DPO or FUA
Apr 10 01:43:53 porteus kernel:  sda: sda1
Apr 10 01:43:53 porteus kernel: sd 9:0:0:0: [sda] Attached SCSI removable disk
Apr 10 01:43:54 porteus kernel: random: fast init done
Apr 10 01:43:54 porteus kernel: loop0: detected capacity change from 0 to 150984
Apr 10 01:43:54 porteus last message buffered 1 times
Apr 10 01:43:54 porteus kernel: loop1: detected capacity change from 0 to 259528
Apr 10 01:43:54 porteus kernel: loop2: detected capacity change from 0 to 213632
Apr 10 01:43:54 porteus kernel: loop3: detected capacity change from 0 to 35552
Apr 10 01:43:54 porteus kernel: loop4: detected capacity change from 0 to 49952
Apr 10 01:43:55 porteus kernel: random: crng init done
Apr 10 01:43:58 porteus kernel: NET: Registered protocol family 10
Apr 10 01:43:58 porteus kernel: Segment Routing with IPv6
Apr 10 01:43:58 porteus kernel: udevd[442]: starting eudev-3.2.10
Apr 10 01:43:58 porteus kernel: acpi_cpufreq: overriding BIOS provided _PSD data
Apr 10 01:44:00 porteus init: Entering runlevel: 4 
Apr 10 01:44:00 porteus acpid: starting up with netlink and the input layer
Apr 10 01:44:00 porteus acpid: 1 rule loaded
Apr 10 01:44:00 porteus acpid: waiting for events: event logging is off
Apr 10 01:43:59 porteus kernel: libphy: r8169: probed
Apr 10 01:43:59 porteus kernel: r8169 0000:05:00.0 eth0: RTL8168g/8111g, 70:85:c2:a0:f1:a1, XID 4c0, IRQ 42
Apr 10 01:43:59 porteus kernel: r8169 0000:05:00.0 eth0: jumbo features [frames: 9194 bytes, tx checksumming: ko]
Apr 10 01:43:59 porteus kernel: nouveau 0000:06:00.0: vgaarb: deactivate vga console
Apr 10 01:43:59 porteus kernel: snd_hda_intel 0000:06:00.1: Disabling MSI
Apr 10 01:43:59 porteus kernel: snd_hda_intel 0000:06:00.1: Handle vga_switcheroo audio client
Apr 10 01:43:59 porteus kernel: Console: switching to colour dummy device 80x25
Apr 10 01:43:59 porteus kernel: nouveau 0000:06:00.0: NVIDIA GM204 (124020a1)
Apr 10 01:43:59 porteus kernel: snd_hda_codec_realtek hdaudioC1D0: autoconfig for ALC887-VD: line_outs=1 (0x14/0x0/0x0/0x0/0x0) type:line
Apr 10 01:43:59 porteus kernel: snd_hda_codec_realtek hdaudioC1D0:    speaker_outs=0 (0x0/0x0/0x0/0x0/0x0)
Apr 10 01:43:59 porteus kernel: snd_hda_codec_realtek hdaudioC1D0:    hp_outs=1 (0x1b/0x0/0x0/0x0/0x0)
Apr 10 01:43:59 porteus kernel: snd_hda_codec_realtek hdaudioC1D0:    mono: mono_out=0x0
Apr 10 01:43:59 porteus kernel: snd_hda_codec_realtek hdaudioC1D0:    inputs:
Apr 10 01:43:59 porteus kernel: snd_hda_codec_realtek hdaudioC1D0:      Front Mic=0x19
Apr 10 01:43:59 porteus kernel: snd_hda_codec_realtek hdaudioC1D0:      Rear Mic=0x18
Apr 10 01:43:59 porteus kernel: snd_hda_codec_realtek hdaudioC1D0:      Line=0x1a
Apr 10 01:43:59 porteus kernel: input: HD-Audio Generic Front Mic as /devices/pci0000:00/0000:00:08.1/0000:08:00.3/sound/card1/input6
Apr 10 01:43:59 porteus kernel: input: HD-Audio Generic Rear Mic as /devices/pci0000:00/0000:00:08.1/0000:08:00.3/sound/card1/input7
Apr 10 01:43:59 porteus kernel: input: HD-Audio Generic Line as /devices/pci0000:00/0000:00:08.1/0000:08:00.3/sound/card1/input8
Apr 10 01:43:59 porteus kernel: input: HD-Audio Generic Line Out as /devices/pci0000:00/0000:00:08.1/0000:08:00.3/sound/card1/input9
Apr 10 01:43:59 porteus kernel: input: HD-Audio Generic Front Headphone as /devices/pci0000:00/0000:00:08.1/0000:08:00.3/sound/card1/input10
Apr 10 01:43:59 porteus kernel: input: HDA NVidia HDMI/DP,pcm=3 as /devices/pci0000:00/0000:00:03.1/0000:06:00.1/sound/card0/input11
Apr 10 01:43:59 porteus kernel: input: HDA NVidia HDMI/DP,pcm=7 as /devices/pci0000:00/0000:00:03.1/0000:06:00.1/sound/card0/input12
Apr 10 01:43:59 porteus kernel: input: HDA NVidia HDMI/DP,pcm=8 as /devices/pci0000:00/0000:00:03.1/0000:06:00.1/sound/card0/input13
Apr 10 01:43:59 porteus kernel: input: HDA NVidia HDMI/DP,pcm=9 as /devices/pci0000:00/0000:00:03.1/0000:06:00.1/sound/card0/input14
Apr 10 01:43:59 porteus kernel: input: HDA NVidia HDMI/DP,pcm=10 as /devices/pci0000:00/0000:00:03.1/0000:06:00.1/sound/card0/input15
Apr 10 01:43:59 porteus kernel: input: HDA NVidia HDMI/DP,pcm=11 as /devices/pci0000:00/0000:00:03.1/0000:06:00.1/sound/card0/input16
Apr 10 01:43:59 porteus kernel: input: HDA NVidia HDMI/DP,pcm=12 as /devices/pci0000:00/0000:00:03.1/0000:06:00.1/sound/card0/input17
Apr 10 01:43:59 porteus kernel: nouveau 0000:06:00.0: bios: version 84.04.84.00.2c
Apr 10 01:43:59 porteus kernel: nouveau 0000:06:00.0: pmu: firmware unavailable
Apr 10 01:43:59 porteus kernel: nouveau 0000:06:00.0: fb: 4096 MiB GDDR5
Apr 10 01:44:00 porteus gpm[575]: *** info [daemon/startup.c(136)]: 
Apr 10 01:44:00 porteus gpm[575]: Started gpm successfully. Entered daemon mode.
Apr 10 01:43:59 porteus kernel: [TTM] Zone  kernel: Available graphics memory: 8164992 KiB
Apr 10 01:43:59 porteus kernel: [TTM] Zone   dma32: Available graphics memory: 2097152 KiB
Apr 10 01:43:59 porteus kernel: nouveau 0000:06:00.0: DRM: VRAM: 4096 MiB
Apr 10 01:43:59 porteus kernel: nouveau 0000:06:00.0: DRM: GART: 1048576 MiB
Apr 10 01:43:59 porteus kernel: nouveau 0000:06:00.0: DRM: TMDS table version 2.0
Apr 10 01:43:59 porteus kernel: nouveau 0000:06:00.0: DRM: DCB version 4.1
Apr 10 01:43:59 porteus kernel: nouveau 0000:06:00.0: DRM: DCB outp 00: 01000f02 00020030
Apr 10 01:43:59 porteus kernel: nouveau 0000:06:00.0: DRM: DCB outp 01: 02000f00 00000000
Apr 10 01:43:59 porteus kernel: nouveau 0000:06:00.0: DRM: DCB outp 02: 04811f82 00020030
Apr 10 01:43:59 porteus kernel: nouveau 0000:06:00.0: DRM: DCB outp 03: 02822f62 00020010
Apr 10 01:43:59 porteus kernel: nouveau 0000:06:00.0: DRM: DCB outp 05: 02833f76 04400020
Apr 10 01:43:59 porteus kernel: nouveau 0000:06:00.0: DRM: DCB outp 06: 02033f72 00020020
Apr 10 01:43:59 porteus kernel: nouveau 0000:06:00.0: DRM: DCB outp 15: 01df4ff8 00000000
Apr 10 01:43:59 porteus kernel: nouveau 0000:06:00.0: DRM: DCB conn 00: 00001030
Apr 10 01:43:59 porteus kernel: nouveau 0000:06:00.0: DRM: DCB conn 01: 01000131
Apr 10 01:43:59 porteus kernel: nouveau 0000:06:00.0: DRM: DCB conn 02: 00010261
Apr 10 01:43:59 porteus kernel: nouveau 0000:06:00.0: DRM: DCB conn 03: 00020346
Apr 10 01:43:59 porteus kernel: nouveau 0000:06:00.0: DRM: DCB conn 04: 00000470
Apr 10 01:43:59 porteus kernel: nouveau 0000:06:00.0: DRM: MM: using COPY for buffer copies
Apr 10 01:43:59 porteus kernel: snd_hda_intel 0000:06:00.1: bound 0000:06:00.0 (ops 0xffffffffa022ee30)
Apr 10 01:43:59 porteus kernel: ccp 0000:07:00.2: ccp enabled
Apr 10 01:43:59 porteus kernel: piix4_smbus 0000:00:14.0: SMBus Host Controller at 0xb00, revision 0
Apr 10 01:43:59 porteus kernel: piix4_smbus 0000:00:14.0: Using register 0x02 for SMBus port selection
Apr 10 01:43:59 porteus kernel: piix4_smbus 0000:00:14.0: Auxiliary SMBus Host Controller at 0xb20
Apr 10 01:43:59 porteus kernel: RAPL PMU: API unit is 2^-32 Joules, 1 fixed counters, 163840 ms ovfl timer
Apr 10 01:43:59 porteus kernel: RAPL PMU: hw unit of domain package 2^-16 Joules
Apr 10 01:44:00 porteus elogind-daemon[612]: Watching system buttons on /dev/input/event1 (Power Button)
Apr 10 01:44:00 porteus elogind-daemon[612]: Watching system buttons on /dev/input/event0 (Power Button)
Apr 10 01:44:00 porteus elogind-daemon[612]: New seat seat0.
Apr 10 01:43:59 porteus kernel: cryptd: max_cpu_qlen set to 1000
Apr 10 01:43:59 porteus kernel: AVX2 version of gcm_enc/dec engaged.
Apr 10 01:43:59 porteus kernel: AES CTR mode by8 optimization enabled
Apr 10 01:43:59 porteus kernel: kvm: Nested Virtualization enabled
Apr 10 01:43:59 porteus kernel: SVM: kvm: Nested Paging enabled
Apr 10 01:43:59 porteus kernel: SVM: Virtual VMLOAD VMSAVE supported
Apr 10 01:43:59 porteus kernel: SVM: Virtual GIF supported
Apr 10 01:43:59 porteus kernel: intel_rapl_common: Found RAPL domain package
Apr 10 01:43:59 porteus kernel: intel_rapl_common: Found RAPL domain core
Apr 10 01:43:59 porteus kernel: nouveau 0000:06:00.0: DRM: allocated 1920x1080 fb: 0xa0000, bo 0000000064d11372
Apr 10 01:43:59 porteus kernel: fbcon: nouveaudrmfb (fb0) is primary device
Apr 10 01:43:59 porteus kernel: Console: switching to colour frame buffer device 240x67
Apr 10 01:44:01 porteus root: ACPI group jack / action lineout is not defined
Apr 10 01:44:01 porteus root: ACPI group jack / action videoout is not defined
Apr 10 01:44:00 porteus kernel: nouveau 0000:06:00.0: [drm] fb0: nouveaudrmfb frame buffer device
Apr 10 01:44:00 porteus kernel: [drm] Initialized nouveau 1.3.1 20120801 for 0000:06:00.0 on minor 0
Apr 10 01:44:01 porteus mtp-probe: checking bus 3, device 2: "/sys/devices/pci0000:00/0000:00:07.1/0000:07:00.3/usb3/3-1" 
Apr 10 01:44:01 porteus mtp-probe: checking bus 3, device 3: "/sys/devices/pci0000:00/0000:00:07.1/0000:07:00.3/usb3/3-2" 
Apr 10 01:44:01 porteus mtp-probe: bus: 3, device: 2 was not an MTP device 
Apr 10 01:44:01 porteus mtp-probe: bus: 3, device: 3 was not an MTP device 
Apr 10 01:44:01 porteus mtp-probe: checking bus 1, device 2: "/sys/devices/pci0000:00/0000:00:01.3/0000:01:00.0/usb1/1-5" 
Apr 10 01:44:01 porteus mtp-probe: bus: 1, device: 2 was not an MTP device 
Apr 10 01:44:01 porteus elogind-daemon[612]: Watching system buttons on /dev/input/event2 (Lenovo Lenovo Calliope USB Keyboard)
Apr 10 01:44:01 porteus elogind-daemon[612]: Watching system buttons on /dev/input/event3 (Lenovo Lenovo Calliope USB Keyboard System Control)
Apr 10 01:44:02 porteus NetworkManager[764]: <info>  [1649555042.0171] NetworkManager (version 1.28.0) is starting... (for the first time)
Apr 10 01:44:02 porteus NetworkManager[764]: <info>  [1649555042.0171] Read config: /etc/NetworkManager/NetworkManager.conf (etc: 00-dhcp-client.conf, 00-rc-manager.conf)
Apr 10 01:44:02 porteus NetworkManager[764]: <info>  [1649555042.0193] bus-manager: acquired D-Bus service "org.freedesktop.NetworkManager"
Apr 10 01:44:02 porteus NetworkManager[764]: <info>  [1649555042.0542] manager[0xa3d0c0]: monitoring kernel firmware directory '/lib/firmware'.
Apr 10 01:44:02 porteus NetworkManager[764]: <info>  [1649555042.0642] hostname: hostname: couldn't get property from hostnamed
Apr 10 01:44:02 porteus NetworkManager[764]: <info>  [1649555042.0644] hostname: hostname changed from (none) to "porteus.example.net"
Apr 10 01:44:02 porteus NetworkManager[764]: <info>  [1649555042.0656] dns-mgr[0xa23240]: init: dns=default,systemd-resolved rc-manager=file
Apr 10 01:44:02 porteus NetworkManager[764]: <info>  [1649555042.1839] Loaded device plugin: NMAtmManager (/usr/lib64/NetworkManager/1.28.0/libnm-device-plugin-adsl.so)
Apr 10 01:44:02 porteus NetworkManager[764]: <info>  [1649555042.2359] Loaded device plugin: NMBluezManager (/usr/lib64/NetworkManager/1.28.0/libnm-device-plugin-bluetooth.so)
Apr 10 01:44:02 porteus NetworkManager[764]: <info>  [1649555042.2537] Loaded device plugin: NMOvsFactory (/usr/lib64/NetworkManager/1.28.0/libnm-device-plugin-ovs.so)
Apr 10 01:44:02 porteus NetworkManager[764]: <info>  [1649555042.2680] Loaded device plugin: NMWifiFactory (/usr/lib64/NetworkManager/1.28.0/libnm-device-plugin-wifi.so)
Apr 10 01:44:02 porteus NetworkManager[764]: <info>  [1649555042.2682] Loaded device plugin: NMWwanFactory (/usr/lib64/NetworkManager/1.28.0/libnm-device-plugin-wwan.so)
Apr 10 01:44:02 porteus NetworkManager[764]: <info>  [1649555042.2689] manager: rfkill: Wi-Fi enabled by radio killswitch; enabled by state file
Apr 10 01:44:02 porteus NetworkManager[764]: <info>  [1649555042.2692] manager: rfkill: WWAN enabled by radio killswitch; enabled by state file
Apr 10 01:44:02 porteus NetworkManager[764]: <info>  [1649555042.2694] manager: Networking is enabled by state file
Apr 10 01:44:02 porteus dbus-daemon[468]: [system] Activating service name='org.freedesktop.nm_dispatcher' requested by ':1.2' (uid=0 pid=764 comm="/usr/sbin/NetworkManager ") (using servicehelper)
Apr 10 01:44:02 porteus NetworkManager[764]: <info>  [1649555042.2714] dhcp-init: Using DHCP client 'dhclient'
Apr 10 01:44:02 porteus NetworkManager[764]: <info>  [1649555042.2715] settings: Loaded settings plugin: keyfile (internal)
Apr 10 01:44:02 porteus NetworkManager[764]: <info>  [1649555042.2749] device (lo): carrier: link connected
Apr 10 01:44:02 porteus NetworkManager[764]: <info>  [1649555042.2752] manager: (lo): new Generic device (/org/freedesktop/NetworkManager/Devices/1)
Apr 10 01:44:02 porteus NetworkManager[764]: <info>  [1649555042.2759] manager: (eth0): new Ethernet device (/org/freedesktop/NetworkManager/Devices/2)
Apr 10 01:44:02 porteus NetworkManager[764]: <info>  [1649555042.2775] settings: (eth0): created default wired connection 'Wired connection 1'
Apr 10 01:44:02 porteus NetworkManager[764]: <info>  [1649555042.2779] device (eth0): state change: unmanaged -> unavailable (reason 'managed', sys-iface-state: 'external')
Apr 10 01:44:00 porteus kernel: Generic FE-GE Realtek PHY r8169-500:00: attached PHY driver (mii_bus:phy_addr=r8169-500:00, irq=MAC)
Apr 10 01:44:02 porteus dbus-daemon[468]: [system] Successfully activated service 'org.freedesktop.nm_dispatcher'
Apr 10 01:44:00 porteus kernel: r8169 0000:05:00.0 eth0: Link is Down
Apr 10 01:44:02 porteus NetworkManager[764]: <info>  [1649555042.5057] ovsdb: Could not connect: No such file or directory
Apr 10 01:44:02 porteus dbus-daemon[468]: [system] Activating service name='org.freedesktop.ModemManager1' requested by ':1.2' (uid=0 pid=764 comm="/usr/sbin/NetworkManager ") (using servicehelper)
Apr 10 01:44:02 porteus ModemManager[857]: <info>  ModemManager (version 1.14.10) starting in system bus... 
Apr 10 01:44:02 porteus dbus-daemon[468]: [system] Successfully activated service 'org.freedesktop.ModemManager1'
Apr 10 01:44:02 porteus NetworkManager[764]: <info>  [1649555042.7062] modem-manager: ModemManager not available
Apr 10 01:44:02 porteus NetworkManager[764]: <info>  [1649555042.7118] modem-manager: ModemManager now available
Apr 10 01:44:03 porteus acpid: client connected from 864[0:0]
Apr 10 01:44:03 porteus acpid: 1 client rule loaded
Apr 10 01:44:05 porteus ModemManager[857]: <info>  [base-manager] couldn't check support for device '/sys/devices/pci0000:00/0000:00:01.3/0000:01:00.2/0000:02:07.0/0000:05:00.0': not supported by any plugin 
Apr 10 01:44:07 porteus elogind-daemon[612]: New session c1 of user guest.
Apr 10 01:44:07 porteus dbus-daemon[898]: [session uid=1000 pid=896] Activating service name='org.gtk.vfs.Daemon' requested by ':1.0' (uid=1000 pid=894 comm="cinnamon-session ")
Apr 10 01:44:07 porteus dbus-daemon[898]: [session uid=1000 pid=896] Successfully activated service 'org.gtk.vfs.Daemon'
Apr 10 01:44:08 porteus dbus-daemon[898]: [session uid=1000 pid=896] Activating service name='org.a11y.Bus' requested by ':1.3' (uid=1000 pid=894 comm="cinnamon-session ")
Apr 10 01:44:08 porteus dbus-daemon[898]: [session uid=1000 pid=896] Successfully activated service 'org.a11y.Bus'
Apr 10 01:44:08 porteus NetworkManager[764]: <info>  [1649555048.4717] manager: startup complete
Apr 10 01:44:08 porteus dbus-daemon[898]: [session uid=1000 pid=896] Activating service name='ca.desrt.dconf' requested by ':1.21' (uid=1000 pid=953 comm="csd-a11y-settings ")
Apr 10 01:44:08 porteus dbus-daemon[898]: [session uid=1000 pid=896] Successfully activated service 'ca.desrt.dconf'
Apr 10 01:44:08 porteus dbus-daemon[468]: [system] Activating service name='org.freedesktop.PolicyKit1' requested by ':1.0' (uid=0 pid=612 comm="elogind-daemon ") (using servicehelper)
Apr 10 01:44:08 porteus dbus-daemon[468]: [system] Activating service name='org.freedesktop.UPower' requested by ':1.23' (uid=1000 pid=973 comm="csd-xrandr ") (using servicehelper)
Apr 10 01:44:09 porteus dbus-daemon[898]: [session uid=1000 pid=896] Activating service name='org.gtk.vfs.UDisks2VolumeMonitor' requested by ':1.28' (uid=1000 pid=971 comm="csd-automount ")
Apr 10 01:44:09 porteus dbus-daemon[468]: [system] Activating service name='org.freedesktop.ColorManager' requested by ':1.20' (uid=1000 pid=947 comm="csd-color ") (using servicehelper)
Apr 10 01:44:09 porteus dbus-daemon[468]: [system] Activating service name='org.freedesktop.UDisks2' requested by ':1.24' (uid=1000 pid=1027 comm="/usr/libexec/gvfs-udisks2-volume-monitor ") (using servicehelper)
Apr 10 01:44:09 porteus polkitd[1018]: Started polkitd version 0.119
Apr 10 01:44:09 porteus dbus-daemon[468]: [system] Successfully activated service 'org.freedesktop.UPower'
Apr 10 01:44:09 porteus dbus-daemon[468]: [system] Successfully activated service 'org.freedesktop.ColorManager'
Apr 10 01:44:09 porteus dbus-daemon[468]: [system] Successfully activated service 'org.freedesktop.PolicyKit1'
Apr 10 01:44:09 porteus dbus-daemon[468]: [system] Successfully activated service 'org.freedesktop.UDisks2'
Apr 10 01:44:09 porteus dbus-daemon[898]: [session uid=1000 pid=896] Successfully activated service 'org.gtk.vfs.UDisks2VolumeMonitor'
Apr 10 01:44:09 porteus dbus-daemon[898]: [session uid=1000 pid=896] Activating service name='org.gtk.vfs.MTPVolumeMonitor' requested by ':1.28' (uid=1000 pid=971 comm="csd-automount ")
Apr 10 01:44:09 porteus dbus-daemon[898]: [session uid=1000 pid=896] Successfully activated service 'org.gtk.vfs.MTPVolumeMonitor'
Apr 10 01:44:09 porteus dbus-daemon[898]: [session uid=1000 pid=896] Activating service name='org.gtk.vfs.GPhoto2VolumeMonitor' requested by ':1.28' (uid=1000 pid=971 comm="csd-automount ")
Apr 10 01:44:09 porteus dbus-daemon[898]: [session uid=1000 pid=896] Successfully activated service 'org.gtk.vfs.GPhoto2VolumeMonitor'
Apr 10 01:44:09 porteus dbus-daemon[898]: [session uid=1000 pid=896] Activating service name='org.gtk.vfs.AfcVolumeMonitor' requested by ':1.28' (uid=1000 pid=971 comm="csd-automount ")
Apr 10 01:44:09 porteus dbus-daemon[898]: [session uid=1000 pid=896] Successfully activated service 'org.gtk.vfs.AfcVolumeMonitor'
Apr 10 01:44:08 porteus kernel: snd_hda_intel 0000:06:00.1: IRQ timing workaround is activated for card #0. Suggest a bigger bdl_pos_adj.
Apr 10 01:44:12 porteus dbus-daemon[468]: [system] Activating service name='org.freedesktop.Accounts' requested by ':1.54' (uid=1000 pid=983 comm="csd-background ") (using servicehelper)
Apr 10 01:44:12 porteus accounts-daemon[1176]: started daemon version 0.6.55
Apr 10 01:44:12 porteus dbus-daemon[468]: [system] Successfully activated service 'org.freedesktop.Accounts'
Apr 10 01:44:12 porteus NetworkManager[764]: <info>  [1649555052.6267] agent-manager: agent[971ab2370024a895,:1.57/org.freedesktop.nm-applet/1000]: agent registered
Apr 10 01:44:12 porteus cinnamon-killer-daemon: Bound Cinnamon restart to <Control><Alt>Escape.
Apr 10 01:44:12 porteus dbus-daemon[898]: [session uid=1000 pid=896] Activating service name='org.gtk.vfs.Metadata' requested by ':1.64' (uid=1000 pid=1150 comm="nemo-desktop ")
Apr 10 01:44:12 porteus dbus-daemon[898]: [session uid=1000 pid=896] Successfully activated service 'org.gtk.vfs.Metadata'
Apr 10 01:44:23 porteus kernel: capability: warning: `gvfsd-admin' uses 32-bit capabilities (legacy support in use)
Apr 10 01:47:14 porteus dbus-daemon[898]: [session uid=1000 pid=896] Activating service name='org.gnome.Screenshot' requested by ':1.54' (uid=1000 pid=1116 comm="cinnamon --replace ")
Apr 10 01:47:14 porteus dbus-daemon[898]: [session uid=1000 pid=896] Successfully activated service 'org.gnome.Screenshot'
Apr 10 01:48:16 porteus dbus-daemon[898]: [session uid=1000 pid=896] Activating service name='org.gnome.Screenshot' requested by ':1.54' (uid=1000 pid=1116 comm="cinnamon --replace ")
Apr 10 01:48:17 porteus dbus-daemon[898]: [session uid=1000 pid=896] Successfully activated service 'org.gnome.Screenshot'
Apr 10 01:50:06 porteus dbus-daemon[898]: [session uid=1000 pid=896] Activating service name='org.gnome.Screenshot' requested by ':1.54' (uid=1000 pid=1116 comm="cinnamon --replace ")
Apr 10 01:50:07 porteus dbus-daemon[898]: [session uid=1000 pid=896] Successfully activated service 'org.gnome.Screenshot'
Apr 10 01:57:57 porteus dbus-daemon[898]: [session uid=1000 pid=896] Activating service name='org.gnome.Screenshot' requested by ':1.54' (uid=1000 pid=1116 comm="cinnamon --replace ")
Apr 10 01:57:57 porteus dbus-daemon[898]: [session uid=1000 pid=896] Successfully activated service 'org.gnome.Screenshot'
Apr 10 02:09:55 porteus dbus-daemon[898]: [session uid=1000 pid=896] Activating service name='org.gnome.Screenshot' requested by ':1.54' (uid=1000 pid=1116 comm="cinnamon --replace ")
Apr 10 02:09:55 porteus dbus-daemon[898]: [session uid=1000 pid=896] Successfully activated service 'org.gnome.Screenshot'
Apr 10 02:19:06 porteus dbus-daemon[898]: [session uid=1000 pid=896] Activating service name='org.gnome.Screenshot' requested by ':1.54' (uid=1000 pid=1116 comm="cinnamon --replace ")
Apr 10 02:19:07 porteus dbus-daemon[898]: [session uid=1000 pid=896] Successfully activated service 'org.gnome.Screenshot'
